<html>
<body>
<pre>
<h1>µVision Build Log</h1>
<h2>Tool Versions:</h2>
IDE-Version: ¦ÌVision V5.16a
Copyright (C) 2015 ARM Ltd and ARM Germany GmbH. All rights reserved.
License Information: H HZ, Z, LIC=V85II-TA1SX-RFBIZ-JFHXF-JSC41-0XYPA
 
Tool Versions:
Toolchain:       MDK-ARM Professional  Version: 5.16a
Toolchain Path:  D:\keil5\ARM\ARMCC\Bin
C Compiler:      Armcc.exe V5.06 (build 20)
Assembler:       Armasm.exe V5.06 (build 20)
Linker/Locator:  ArmLink.exe V5.06 (build 20)
Library Manager: ArmAr.exe V5.06 (build 20)
Hex Converter:   FromElf.exe V5.06 (build 20)
CPU DLL:         SARMCM3.DLL V5.16a
Dialog DLL:      DARMSTM.DLL V1.65.0.0
Target DLL:      STLink\ST-LINKIII-KEIL_SWO.dll V2.0.17.0
Dialog DLL:      TARMSTM.DLL V1.64.0.0
 
<h2>Project:</h2>
E:\STUDY\RiverPro\loraADC\loraADC\USER\LORA.uvprojx
Project File Date:  12/21/2019

<h2>Output:</h2>
*** Using Compiler 'V5.06 (build 20)', folder: 'D:\keil5\ARM\ARMCC\Bin'
Build target 'LORA'
compiling lora_app.c...
..\LORA\lora_app.c(375): warning:  #223-D: function "i2cset" declared implicitly
  	i2cset();//??Ê¼»¯i2c£¬only when haiba mode
..\LORA\lora_app.c(398): warning:  #223-D: function "i2c" declared implicitly
  						i2c();//?Á´«¸???
..\LORA\lora_app.c(368): warning:  #177-D: variable "key" was declared but never referenced
  	u8 key=0;
..\LORA\lora_app.c(409): warning:  #177-D: variable "t" was declared but never referenced
  	u8 t=0;
..\LORA\lora_app.c(410): warning:  #177-D: variable "key" was declared but never referenced
  	u8 key=0;
..\LORA\lora_app.c(411): warning:  #177-D: variable "netpro" was declared but never referenced
  	u8 netpro=0;
..\LORA\lora_app.c: 6 warnings, 0 errors
linking...
Program Size: Code=88550 RO-data=9178 RW-data=700 ZI-data=1096412  
FromELF: creating hex file...
"..\OBJ\LEVEL.axf" - 0 Error(s), 6 Warning(s).

<h2>Collection of Component include folders:</h2>
  E:\STUDY\RiverPro\loraADC\loraADC\USER\RTE
  D:\keil5\ARM\PACK\Keil\STM32F1xx_DFP\2.3.0\Device\Include

<h2>Collection of Component Files used:</h2>
Build Time Elapsed:  00:00:06
</pre>
</body>
</html>
