<html>
<body>
<pre>
<h1>礦ision Build Log</h1>
<h2>Project:</h2>
D:\project\河流监测系统\loraADC\USER\LORA.uvprojx
Project File Date:  09/04/2019

<h2>Output:</h2>
Build target 'LORA'
compiling main.c...
main.c(34): warning:  #177-D: variable "key" was declared but never referenced
        u8 key=0;
main.c(35): warning:  #177-D: variable "fontok" was declared but never referenced
        u8 fontok=0; 
main.c: 2 warnings, 0 errors
compiling stm32f10x_it.c...
compiling system_stm32f10x.c...
compiling led.c...
compiling key.c...
compiling lcd.c...
compiling spi.c...
compiling w25qxx.c...
compiling sdio_sdcard.c...
compiling 24cxx.c...
compiling myiic.c...
compiling ctiic.c...
compiling ft5206.c...
compiling gt9147.c...
compiling ott2001a.c...
compiling touch.c...
compiling timer.c...
compiling usart3.c...
compiling adc.c...
compiling delay.c...
compiling sys.c...
compiling usart.c...
compiling core_cm3.c...
assembling startup_stm32f10x_hd.s...
compiling misc.c...
compiling stm32f10x_fsmc.c...
compiling stm32f10x_gpio.c...
compiling stm32f10x_rcc.c...
compiling stm32f10x_spi.c...
compiling stm32f10x_usart.c...
compiling stm32f10x_tim.c...
compiling stm32f10x_sdio.c...
compiling stm32f10x_dma.c...
compiling stm32f10x_exti.c...
compiling stm32f10x_adc.c...
compiling malloc.c...
compiling diskio.c...
compiling ff.c...
compiling exfuns.c...
compiling fattester.c...
compiling mycc936.c...
compiling usmart.c...
compiling usmart_config.c...
compiling usmart_str.c...
compiling fontupd.c...
compiling text.c...
compiling lora_ui.c...
compiling lora_app.c...
..\LORA\lora_app.c(357): warning:  #177-D: variable "key" was declared but never referenced
        u8 key=0;
..\LORA\lora_app.c(360): warning:  #177-D: label "DATA" was declared but never referenced
   DATA:
..\LORA\lora_app.c(415): warning:  #177-D: variable "t" was declared but never referenced
        u8 t=0;
..\LORA\lora_app.c(416): warning:  #177-D: variable "key" was declared but never referenced
        u8 key=0;
..\LORA\lora_app.c(417): warning:  #177-D: variable "netpro" was declared but never referenced
        u8 netpro=0;
..\LORA\lora_app.c: 5 warnings, 0 errors
linking...
Program Size: Code=88222 RO-data=9086 RW-data=688 ZI-data=1096424  
FromELF: creating hex file...
"..\OBJ\PHadc.axf" - 0 Error(s), 7 Warning(s).
</pre>
</body>
</html>
688 ZI-data=1096424  
FromELF: creating hex file...
"..\OBJ\LORAadc.axf" - 0 Error(s), 8 Warning(s).
94 RO-data=9086 RW-data=688 ZI-data=1096424  
FromELF: creating hex file...
"..\OBJ\LORAadc.axf" - 0 Error(s), 9 Warning(s).
