<html>
<body>
<pre>
<h1>礦ision Build Log</h1>
<h2>Project:</h2>
D:\project\河流监测系统\loraADC\USER\LORA.uvprojx
Project File Date:  09/11/2019

<h2>Output:</h2>
Build target 'LORA'
compiling main.c...
main.c(51): warning:  #223-D: function "IIC_Init" declared implicitly
                        IIC_Init();
main.c(44): warning:  #177-D: variable "key" was declared but never referenced
        u8 key=0;
main.c(45): warning:  #177-D: variable "fontok" was declared but never referenced
        u8 fontok=0; 
main.c: 3 warnings, 0 errors
compiling stm32f10x_it.c...
compiling system_stm32f10x.c...
compiling led.c...
compiling key.c...
compiling lcd.c...
compiling spi.c...
compiling w25qxx.c...
compiling sdio_sdcard.c...
compiling 24cxx.c...
compiling myiic.c...
compiling ctiic.c...
compiling ft5206.c...
compiling gt9147.c...
compiling ott2001a.c...
compiling touch.c...
compiling timer.c...
compiling usart3.c...
compiling adc.c...
compiling i2c.c...
..\HARDWARE\I2C\i2c.c(25): warning:  #940-D: missing return statement at end of non-void function "i2cset"
  }
..\HARDWARE\I2C\i2c.c(92): warning:  #1-D: last line of file ends without a newline
  }
..\HARDWARE\I2C\i2c.c(28): warning:  #550-D: variable "TEXT_Buffer" was set but never used
        const u8 TEXT_Buffer[]={"Elite STM32 IIC TEST"};
..\HARDWARE\I2C\i2c.c(30): warning:  #177-D: variable "temp4" was declared but never referenced
                u8 temp1,temp2, temp3,temp4,temp6,temp7;
..\HARDWARE\I2C\i2c.c(30): warning:  #550-D: variable "temp6" was set but never used
                u8 temp1,temp2, temp3,temp4,temp6,temp7;
..\HARDWARE\I2C\i2c.c(30): warning:  #550-D: variable "temp7" was set but never used
                u8 temp1,temp2, temp3,temp4,temp6,temp7;
..\HARDWARE\I2C\i2c.c(35): warning:  #550-D: variable "final_alti" was set but never used
                u8 final_alti;
..\HARDWARE\I2C\i2c.c(36): warning:  #177-D: variable "key" was declared but never referenced
                u8 key;
..\HARDWARE\I2C\i2c.c(38): warning:  #177-D: variable "i" was declared but never referenced
        u16 i=0;
..\HARDWARE\I2C\i2c.c(39): warning:  #177-D: variable "datatemp" was declared but never referenced
        u8 datatemp[SIZE];
..\HARDWARE\I2C\i2c.c: 10 warnings, 0 errors
compiling delay.c...
compiling sys.c...
compiling usart.c...
compiling core_cm3.c...
assembling startup_stm32f10x_hd.s...
compiling misc.c...
compiling stm32f10x_fsmc.c...
compiling stm32f10x_gpio.c...
compiling stm32f10x_rcc.c...
compiling stm32f10x_spi.c...
compiling stm32f10x_usart.c...
compiling stm32f10x_tim.c...
compiling stm32f10x_sdio.c...
compiling stm32f10x_dma.c...
compiling stm32f10x_exti.c...
compiling stm32f10x_adc.c...
compiling malloc.c...
compiling diskio.c...
compiling ff.c...
compiling exfuns.c...
compiling fattester.c...
compiling mycc936.c...
compiling usmart.c...
compiling usmart_config.c...
compiling usmart_str.c...
compiling fontupd.c...
compiling text.c...
compiling lora_ui.c...
compiling lora_app.c...
..\LORA\lora_app.c(277): warning:  #177-D: variable "adcx" was declared but never referenced
          u16 adcx;
..\LORA\lora_app.c(403): warning:  #223-D: function "i2cset" declared implicitly
        i2cset();//配置海拔传感器参数
..\LORA\lora_app.c(421): warning:  #223-D: function "i2c" declared implicitly
                                                i2c();//读海拔传感器
..\LORA\lora_app.c(396): warning:  #177-D: variable "key" was declared but never referenced
        u8 key=0;
..\LORA\lora_app.c(432): warning:  #177-D: variable "t" was declared but never referenced
        u8 t=0;
..\LORA\lora_app.c(433): warning:  #177-D: variable "key" was declared but never referenced
        u8 key=0;
..\LORA\lora_app.c(434): warning:  #177-D: variable "netpro" was declared but never referenced
        u8 netpro=0;
..\LORA\lora_app.c: 7 warnings, 0 errors
linking...
Program Size: Code=88522 RO-data=9082 RW-data=700 ZI-data=1096412  
FromELF: creating hex file...
"..\OBJ\Level.axf" - 0 Error(s), 20 Warning(s).
</pre>
</body>
</html>
