Component: ARM Compiler 5.05 update 1 (build 106) Tool: armlink [4d0efa]

==============================================================================

Section Cross References

    main.o(.text) refers to delay.o(.text) for delay_init
    main.o(.text) refers to misc.o(.text) for NVIC_PriorityGroupConfig
    main.o(.text) refers to usart.o(.text) for uart_init
    main.o(.text) refers to lcd.o(.text) for LCD_Init
    main.o(.text) refers to led.o(.text) for LED_Init
    main.o(.text) refers to key.o(.text) for KEY_Init
    main.o(.text) refers to w25qxx.o(.text) for W25QXX_Init
    main.o(.text) refers to adc.o(.text) for Adc_Init
    main.o(.text) refers to malloc.o(.text) for my_mem_init
    main.o(.text) refers to exfuns.o(.text) for exfuns_init
    main.o(.text) refers to ff.o(.text) for f_mount
    main.o(.text) refers to touch.o(.text) for TP_Adjust
    main.o(.text) refers to fontupd.o(.text) for font_init
    main.o(.text) refers to sdio_sdcard.o(.text) for SD_Init
    main.o(.text) refers to lora_app.o(.text) for Lora_Test
    main.o(.text) refers to touch.o(.data) for tp_dev
    main.o(.text) refers to exfuns.o(.data) for fs
    main.o(.text) refers to lcd.o(.data) for POINT_COLOR
    system_stm32f10x.o(.text) refers to system_stm32f10x.o(.data) for SystemCoreClock
    led.o(.text) refers to stm32f10x_rcc.o(.text) for RCC_APB2PeriphClockCmd
    led.o(.text) refers to stm32f10x_gpio.o(.text) for GPIO_Init
    key.o(.text) refers to stm32f10x_rcc.o(.text) for RCC_APB2PeriphClockCmd
    key.o(.text) refers to stm32f10x_gpio.o(.text) for GPIO_Init
    key.o(.text) refers to delay.o(.text) for delay_ms
    key.o(.text) refers to key.o(.data) for key_up
    lcd.o(.text) refers to _printf_percent.o(.ARM.Collect$$_printf_percent$$00000000) for _printf_percent
    lcd.o(.text) refers to _printf_x.o(.ARM.Collect$$_printf_percent$$0000000C) for _printf_x
    lcd.o(.text) refers to _printf_hex_int_ll_ptr.o(.text) for _printf_longlong_hex
    lcd.o(.text) refers to delay.o(.text) for delay_us
    lcd.o(.text) refers to lcd.o(.bss) for lcddev
    lcd.o(.text) refers to lcd.o(.data) for POINT_COLOR
    lcd.o(.text) refers to dflt_clz.o(x$fpl$dfltu) for __aeabi_ui2d
    lcd.o(.text) refers to dmul.o(x$fpl$dmul) for __aeabi_dmul
    lcd.o(.text) refers to dfixu.o(x$fpl$dfixu) for __aeabi_d2uiz
    lcd.o(.text) refers to stm32f10x_rcc.o(.text) for RCC_AHBPeriphClockCmd
    lcd.o(.text) refers to stm32f10x_gpio.o(.text) for GPIO_Init
    lcd.o(.text) refers to stm32f10x_fsmc.o(.text) for FSMC_NORSRAMInit
    lcd.o(.text) refers to __2printf.o(.text) for __2printf
    lcd.o(.text) refers to lcd.o(.constdata) for asc2_1206
    spi.o(.text) refers to stm32f10x_spi.o(.text) for SPI_I2S_GetFlagStatus
    spi.o(.text) refers to stm32f10x_rcc.o(.text) for RCC_APB2PeriphClockCmd
    spi.o(.text) refers to stm32f10x_gpio.o(.text) for GPIO_Init
    w25qxx.o(.text) refers to _printf_percent.o(.ARM.Collect$$_printf_percent$$00000000) for _printf_percent
    w25qxx.o(.text) refers to _printf_x.o(.ARM.Collect$$_printf_percent$$0000000C) for _printf_x
    w25qxx.o(.text) refers to _printf_hex_int_ll_ptr.o(.text) for _printf_longlong_hex
    w25qxx.o(.text) refers to spi.o(.text) for SPI2_ReadWriteByte
    w25qxx.o(.text) refers to stm32f10x_rcc.o(.text) for RCC_APB2PeriphClockCmd
    w25qxx.o(.text) refers to stm32f10x_gpio.o(.text) for GPIO_Init
    w25qxx.o(.text) refers to __2printf.o(.text) for __2printf
    w25qxx.o(.text) refers to delay.o(.text) for delay_us
    w25qxx.o(.text) refers to w25qxx.o(.data) for W25QXX_TYPE
    w25qxx.o(.text) refers to w25qxx.o(.bss) for W25QXX_BUFFER
    sdio_sdcard.o(.text) refers to stm32f10x_sdio.o(.text) for SDIO_GetFlagStatus
    sdio_sdcard.o(.text) refers to sdio_sdcard.o(.data) for DeviceMode
    sdio_sdcard.o(.text) refers to sdio_sdcard.o(.bss) for SDIO_CmdInitStructure
    sdio_sdcard.o(.text) refers to stm32f10x_rcc.o(.text) for RCC_APB2PeriphClockCmd
    sdio_sdcard.o(.text) refers to stm32f10x_gpio.o(.text) for GPIO_Init
    sdio_sdcard.o(.text) refers to misc.o(.text) for NVIC_Init
    sdio_sdcard.o(.text) refers to stm32f10x_dma.o(.text) for DMA_DeInit
    sdio_sdcard.o(.text) refers to sys.o(.text) for INTX_DISABLE
    sdio_sdcard.o(.text) refers to rt_memcpy_v6.o(.text) for __aeabi_memcpy
    24cxx.o(.text) refers to myiic.o(.text) for IIC_Init
    24cxx.o(.text) refers to delay.o(.text) for delay_ms
    myiic.o(.text) refers to stm32f10x_rcc.o(.text) for RCC_APB2PeriphClockCmd
    myiic.o(.text) refers to stm32f10x_gpio.o(.text) for GPIO_Init
    myiic.o(.text) refers to delay.o(.text) for delay_us
    ctiic.o(.text) refers to delay.o(.text) for delay_us
    ctiic.o(.text) refers to stm32f10x_rcc.o(.text) for RCC_APB2PeriphClockCmd
    ctiic.o(.text) refers to stm32f10x_gpio.o(.text) for GPIO_Init
    ft5206.o(.text) refers to _printf_percent.o(.ARM.Collect$$_printf_percent$$00000000) for _printf_percent
[...]
    SPI_GetCRCPolynomial                     0x0800ab61   Thumb Code     6  stm32f10x_spi.o(.text)
    SPI_BiDirectionalLineConfig              0x0800ab67   Thumb Code    28  stm32f10x_spi.o(.text)
    SPI_I2S_GetFlagStatus                    0x0800ab83   Thumb Code    18  stm32f10x_spi.o(.text)
    SPI_I2S_ClearFlag                        0x0800ab95   Thumb Code     6  stm32f10x_spi.o(.text)
    SPI_I2S_GetITStatus                      0x0800ab9b   Thumb Code    52  stm32f10x_spi.o(.text)
    SPI_I2S_ClearITPendingBit                0x0800abcf   Thumb Code    20  stm32f10x_spi.o(.text)
    USART_DeInit                             0x0800abf1   Thumb Code   134  stm32f10x_usart.o(.text)
    USART_Init                               0x0800ac77   Thumb Code   210  stm32f10x_usart.o(.text)
    USART_StructInit                         0x0800ad49   Thumb Code    24  stm32f10x_usart.o(.text)
    USART_ClockInit                          0x0800ad61   Thumb Code    34  stm32f10x_usart.o(.text)
    USART_ClockStructInit                    0x0800ad83   Thumb Code    12  stm32f10x_usart.o(.text)
    USART_Cmd                                0x0800ad8f   Thumb Code    24  stm32f10x_usart.o(.text)
    USART_ITConfig                           0x0800ada7   Thumb Code    74  stm32f10x_usart.o(.text)
    USART_DMACmd                             0x0800adf1   Thumb Code    18  stm32f10x_usart.o(.text)
    USART_SetAddress                         0x0800ae03   Thumb Code    18  stm32f10x_usart.o(.text)
    USART_WakeUpConfig                       0x0800ae15   Thumb Code    18  stm32f10x_usart.o(.text)
    USART_ReceiverWakeUpCmd                  0x0800ae27   Thumb Code    24  stm32f10x_usart.o(.text)
    USART_LINBreakDetectLengthConfig         0x0800ae3f   Thumb Code    18  stm32f10x_usart.o(.text)
    USART_LINCmd                             0x0800ae51   Thumb Code    24  stm32f10x_usart.o(.text)
    USART_SendData                           0x0800ae69   Thumb Code     8  stm32f10x_usart.o(.text)
    USART_ReceiveData                        0x0800ae71   Thumb Code    10  stm32f10x_usart.o(.text)
    USART_SendBreak                          0x0800ae7b   Thumb Code    10  stm32f10x_usart.o(.text)
    USART_SetGuardTime                       0x0800ae85   Thumb Code    16  stm32f10x_usart.o(.text)
    USART_SetPrescaler                       0x0800ae95   Thumb Code    16  stm32f10x_usart.o(.text)
    USART_SmartCardCmd                       0x0800aea5   Thumb Code    24  stm32f10x_usart.o(.text)
    USART_SmartCardNACKCmd                   0x0800aebd   Thumb Code    24  stm32f10x_usart.o(.text)
    USART_HalfDuplexCmd                      0x0800aed5   Thumb Code    24  stm32f10x_usart.o(.text)
    USART_OverSampling8Cmd                   0x0800aeed   Thumb Code    22  stm32f10x_usart.o(.text)
    USART_OneBitMethodCmd                    0x0800af03   Thumb Code    24  stm32f10x_usart.o(.text)
    USART_IrDAConfig                         0x0800af1b   Thumb Code    18  stm32f10x_usart.o(.text)
    USART_IrDACmd                            0x0800af2d   Thumb Code    24  stm32f10x_usart.o(.text)
    USART_GetFlagStatus                      0x0800af45   Thumb Code    26  stm32f10x_usart.o(.text)
    USART_ClearFlag                          0x0800af5f   Thumb Code    18  stm32f10x_usart.o(.text)
    USART_GetITStatus                        0x0800af71   Thumb Code    84  stm32f10x_usart.o(.text)
    USART_ClearITPendingBit                  0x0800afc5   Thumb Code    52  stm32f10x_usart.o(.text)
    TIM_DeInit                               0x0800aff9   Thumb Code   424  stm32f10x_tim.o(.text)
    TIM_TimeBaseInit                         0x0800b1a1   Thumb Code   122  stm32f10x_tim.o(.text)
    TIM_OC1Init                              0x0800b21b   Thumb Code   132  stm32f10x_tim.o(.text)
    TIM_OC2Init                              0x0800b29f   Thumb Code   154  stm32f10x_tim.o(.text)
    TIM_OC3Init                              0x0800b339   Thumb Code   150  stm32f10x_tim.o(.text)
    TIM_OC4Init                              0x0800b3cf   Thumb Code   182  stm32f10x_tim.o(.text)
    TIM_SetIC4Prescaler                      0x0800b485   Thumb Code    26  stm32f10x_tim.o(.text)
    TIM_SetIC3Prescaler                      0x0800b521   Thumb Code    18  stm32f10x_tim.o(.text)
    TIM_SetIC2Prescaler                      0x0800b5ad   Thumb Code    26  stm32f10x_tim.o(.text)
    TIM_SetIC1Prescaler                      0x0800b649   Thumb Code    18  stm32f10x_tim.o(.text)
    TIM_ICInit                               0x0800b6c7   Thumb Code   150  stm32f10x_tim.o(.text)
    TIM_PWMIConfig                           0x0800b75d   Thumb Code   124  stm32f10x_tim.o(.text)
    TIM_BDTRConfig                           0x0800b7d9   Thumb Code    32  stm32f10x_tim.o(.text)
    TIM_TimeBaseStructInit                   0x0800b7f9   Thumb Code    18  stm32f10x_tim.o(.text)
    TIM_OCStructInit                         0x0800b80b   Thumb Code    20  stm32f10x_tim.o(.text)
    TIM_ICStructInit                         0x0800b81f   Thumb Code    18  stm32f10x_tim.o(.text)
    TIM_BDTRStructInit                       0x0800b831   Thumb Code    40  stm32f10x_tim.o(.text)
    TIM_Cmd                                  0x0800b859   Thumb Code    24  stm32f10x_tim.o(.text)
    TIM_CtrlPWMOutputs                       0x0800b871   Thumb Code    30  stm32f10x_tim.o(.text)
    TIM_ITConfig                             0x0800b88f   Thumb Code    18  stm32f10x_tim.o(.text)
    TIM_GenerateEvent                        0x0800b8a1   Thumb Code     4  stm32f10x_tim.o(.text)
    TIM_DMAConfig                            0x0800b8a5   Thumb Code    10  stm32f10x_tim.o(.text)
    TIM_DMACmd                               0x0800b8af   Thumb Code    18  stm32f10x_tim.o(.text)
    TIM_InternalClockConfig                  0x0800b8c1   Thumb Code    12  stm32f10x_tim.o(.text)
    TIM_SelectInputTrigger                   0x0800b8cd   Thumb Code    18  stm32f10x_tim.o(.text)
    TIM_ITRxExternalClockConfig              0x0800b8df   Thumb Code    24  stm32f10x_tim.o(.text)
    TIM_TIxExternalClockConfig               0x0800b8f7   Thumb Code    62  stm32f10x_tim.o(.text)
    TIM_ETRConfig                            0x0800b935   Thumb Code    28  stm32f10x_tim.o(.text)
    TIM_ETRClockMode1Config                  0x0800b951   Thumb Code    54  stm32f10x_tim.o(.text)
    TIM_ETRClockMode2Config                  0x0800b987   Thumb Code    32  stm32f10x_tim.o(.text)
    TIM_PrescalerConfig                      0x0800b9a7   Thumb Code     6  stm32f10x_tim.o(.text)
    TIM_CounterModeConfig                    0x0800b9ad   Thumb Code    18  stm32f10x_tim.o(.text)
    TIM_EncoderInterfaceConfig               0x0800b9bf   Thumb Code    66  stm32f10x_tim.o(.text)
    TIM_ForcedOC1Config                      0x0800ba01   Thumb Code    18  stm32f10x_tim.o(.text)
    TIM_ForcedOC2Config                      0x0800ba13   Thumb Code    26  stm32f10x_tim.o(.text)
    TIM_ForcedOC3Config                      0x0800ba2d   Thumb Code    18  stm32f10x_tim.o(.text)
    TIM_ForcedOC4Config                      0x0800ba3f   Thumb Code    26  stm32f10x_tim.o(.text)
    TIM_ARRPreloadConfig                     0x0800ba59   Thumb Code    24  stm32f10x_tim.o(.text)
    TIM_SelectCOM                            0x0800ba71   Thumb Code    24  stm32f10x_tim.o(.text)
    TIM_SelectCCDMA                          0x0800ba89   Thumb Code    24  stm32f10x_tim.o(.text)
    TIM_CCPreloadControl                     0x0800baa1   Thumb Code    24  stm32f10x_tim.o(.text)
    TIM_OC1PreloadConfig                     0x0800bab9   Thumb Code    18  stm32f10x_tim.o(.text)
    TIM_OC2PreloadConfig                     0x0800bacb   Thumb Code    26  stm32f10x_tim.o(.text)
    TIM_OC3PreloadConfig                     0x0800bae5   Thumb Code    18  stm32f10x_tim.o(.text)
    TIM_OC4PreloadConfig                     0x0800baf7   Thumb Code    26  stm32f10x_tim.o(.text)
    TIM_OC1FastConfig                        0x0800bb11   Thumb Code    18  stm32f10x_tim.o(.text)
    TIM_OC2FastConfig                        0x0800bb23   Thumb Code    26  stm32f10x_tim.o(.text)
    TIM_OC3FastConfig                        0x0800bb3d   Thumb Code    18  stm32f10x_tim.o(.text)
    TIM_OC4FastConfig                        0x0800bb4f   Thumb Code    26  stm32f10x_tim.o(.text)
    TIM_ClearOC1Ref                          0x0800bb69   Thumb Code    18  stm32f10x_tim.o(.text)
    TIM_ClearOC2Ref                          0x0800bb7b   Thumb Code    24  stm32f10x_tim.o(.text)
    TIM_ClearOC3Ref                          0x0800bb93   Thumb Code    18  stm32f10x_tim.o(.text)
    TIM_ClearOC4Ref                          0x0800bba5   Thumb Code    24  stm32f10x_tim.o(.text)
    TIM_OC1PolarityConfig                    0x0800bbbd   Thumb Code    18  stm32f10x_tim.o(.text)
    TIM_OC1NPolarityConfig                   0x0800bbcf   Thumb Code    18  stm32f10x_tim.o(.text)
    TIM_OC2PolarityConfig                    0x0800bbe1   Thumb Code    26  stm32f10x_tim.o(.text)
    TIM_OC2NPolarityConfig                   0x0800bbfb   Thumb Code    26  stm32f10x_tim.o(.text)
    TIM_OC3PolarityConfig                    0x0800bc15   Thumb Code    26  stm32f10x_tim.o(.text)
    TIM_OC3NPolarityConfig                   0x0800bc2f   Thumb Code    26  stm32f10x_tim.o(.text)
    TIM_OC4PolarityConfig                    0x0800bc49   Thumb Code    26  stm32f10x_tim.o(.text)
    TIM_CCxCmd                               0x0800bc63   Thumb Code    30  stm32f10x_tim.o(.text)
    TIM_CCxNCmd                              0x0800bc81   Thumb Code    30  stm32f10x_tim.o(.text)
    TIM_SelectOCxM                           0x0800bc9f   Thumb Code    82  stm32f10x_tim.o(.text)
    TIM_UpdateDisableConfig                  0x0800bcf1   Thumb Code    24  stm32f10x_tim.o(.text)
    TIM_UpdateRequestConfig                  0x0800bd09   Thumb Code    24  stm32f10x_tim.o(.text)
    TIM_SelectHallSensor                     0x0800bd21   Thumb Code    24  stm32f10x_tim.o(.text)
    TIM_SelectOnePulseMode                   0x0800bd39   Thumb Code    18  stm32f10x_tim.o(.text)
    TIM_SelectOutputTrigger                  0x0800bd4b   Thumb Code    18  stm32f10x_tim.o(.text)
    TIM_SelectSlaveMode                      0x0800bd5d   Thumb Code    18  stm32f10x_tim.o(.text)
    TIM_SelectMasterSlaveMode                0x0800bd6f   Thumb Code    18  stm32f10x_tim.o(.text)
    TIM_SetCounter                           0x0800bd81   Thumb Code     4  stm32f10x_tim.o(.text)
    TIM_SetAutoreload                        0x0800bd85   Thumb Code     4  stm32f10x_tim.o(.text)
    TIM_SetCompare1                          0x0800bd89   Thumb Code     4  stm32f10x_tim.o(.text)
    TIM_SetCompare2                          0x0800bd8d   Thumb Code     4  stm32f10x_tim.o(.text)
    TIM_SetCompare3                          0x0800bd91   Thumb Code     4  stm32f10x_tim.o(.text)
    TIM_SetCompare4                          0x0800bd95   Thumb Code     6  stm32f10x_tim.o(.text)
    TIM_SetClockDivision                     0x0800bd9b   Thumb Code    18  stm32f10x_tim.o(.text)
    TIM_GetCapture1                          0x0800bdad   Thumb Code     6  stm32f10x_tim.o(.text)
    TIM_GetCapture2                          0x0800bdb3   Thumb Code     6  stm32f10x_tim.o(.text)
    TIM_GetCapture3                          0x0800bdb9   Thumb Code     6  stm32f10x_tim.o(.text)
    TIM_GetCapture4                          0x0800bdbf   Thumb Code     8  stm32f10x_tim.o(.text)
    TIM_GetCounter                           0x0800bdc7   Thumb Code     6  stm32f10x_tim.o(.text)
    TIM_GetPrescaler                         0x0800bdcd   Thumb Code     6  stm32f10x_tim.o(.text)
    TIM_GetFlagStatus                        0x0800bdd3   Thumb Code    18  stm32f10x_tim.o(.text)
    TIM_ClearFlag                            0x0800bde5   Thumb Code     6  stm32f10x_tim.o(.text)
    TIM_GetITStatus                          0x0800bdeb   Thumb Code    34  stm32f10x_tim.o(.text)
    TIM_ClearITPendingBit                    0x0800be0d   Thumb Code     6  stm32f10x_tim.o(.text)
    SDIO_DeInit                              0x0800be15   Thumb Code    28  stm32f10x_sdio.o(.text)
    SDIO_Init                                0x0800be31   Thumb Code    42  stm32f10x_sdio.o(.text)
    SDIO_StructInit                          0x0800be5b   Thumb Code    16  stm32f10x_sdio.o(.text)
    SDIO_ClockCmd                            0x0800be6b   Thumb Code     6  stm32f10x_sdio.o(.text)
    SDIO_SetPowerState                       0x0800be71   Thumb Code    22  stm32f10x_sdio.o(.text)
    SDIO_GetPowerState                       0x0800be87   Thumb Code    10  stm32f10x_sdio.o(.text)
    SDIO_ITConfig                            0x0800be91   Thumb Code    26  stm32f10x_sdio.o(.text)
    SDIO_DMACmd                              0x0800beab   Thumb Code     6  stm32f10x_sdio.o(.text)
    SDIO_SendCommand                         0x0800beb1   Thumb Code    38  stm32f10x_sdio.o(.text)
    SDIO_CmdStructInit                       0x0800bed7   Thumb Code    14  stm32f10x_sdio.o(.text)
    SDIO_GetCommandResponse                  0x0800bee5   Thumb Code     8  stm32f10x_sdio.o(.text)
    SDIO_GetResponse                         0x0800beed   Thumb Code    22  stm32f10x_sdio.o(.text)
    SDIO_DataConfig                          0x0800bf03   Thumb Code    42  stm32f10x_sdio.o(.text)
    SDIO_DataStructInit                      0x0800bf2d   Thumb Code    20  stm32f10x_sdio.o(.text)
    SDIO_GetDataCounter                      0x0800bf41   Thumb Code     6  stm32f10x_sdio.o(.text)
    SDIO_ReadData                            0x0800bf47   Thumb Code     8  stm32f10x_sdio.o(.text)
    SDIO_WriteData                           0x0800bf4f   Thumb Code     8  stm32f10x_sdio.o(.text)
    SDIO_GetFIFOCount                        0x0800bf57   Thumb Code     6  stm32f10x_sdio.o(.text)
    SDIO_StartSDIOReadWait                   0x0800bf5d   Thumb Code     8  stm32f10x_sdio.o(.text)
    SDIO_StopSDIOReadWait                    0x0800bf65   Thumb Code     8  stm32f10x_sdio.o(.text)
    SDIO_SetSDIOReadWaitMode                 0x0800bf6d   Thumb Code     8  stm32f10x_sdio.o(.text)
    SDIO_SetSDIOOperation                    0x0800bf75   Thumb Code     8  stm32f10x_sdio.o(.text)
    SDIO_SendSDIOSuspendCmd                  0x0800bf7d   Thumb Code     6  stm32f10x_sdio.o(.text)
    SDIO_CommandCompletionCmd                0x0800bf83   Thumb Code     8  stm32f10x_sdio.o(.text)
    SDIO_CEATAITCmd                          0x0800bf8b   Thumb Code    12  stm32f10x_sdio.o(.text)
    SDIO_SendCEATACmd                        0x0800bf97   Thumb Code     8  stm32f10x_sdio.o(.text)
    SDIO_GetFlagStatus                       0x0800bf9f   Thumb Code    20  stm32f10x_sdio.o(.text)
    SDIO_ClearFlag                           0x0800bfb3   Thumb Code     6  stm32f10x_sdio.o(.text)
    SDIO_GetITStatus                         0x0800bfb9   Thumb Code    20  stm32f10x_sdio.o(.text)
    SDIO_ClearITPendingBit                   0x0800bfcd   Thumb Code     6  stm32f10x_sdio.o(.text)
    DMA_DeInit                               0x0800bfe9   Thumb Code   324  stm32f10x_dma.o(.text)
    DMA_Init                                 0x0800c12d   Thumb Code    60  stm32f10x_dma.o(.text)
    DMA_StructInit                           0x0800c169   Thumb Code    26  stm32f10x_dma.o(.text)
    DMA_Cmd                                  0x0800c183   Thumb Code    24  stm32f10x_dma.o(.text)
    DMA_ITConfig                             0x0800c19b   Thumb Code    18  stm32f10x_dma.o(.text)
    DMA_SetCurrDataCounter                   0x0800c1ad   Thumb Code     4  stm32f10x_dma.o(.text)
    DMA_GetCurrDataCounter                   0x0800c1b1   Thumb Code     8  stm32f10x_dma.o(.text)
    DMA_GetFlagStatus                        0x0800c1b9   Thumb Code    40  stm32f10x_dma.o(.text)
    DMA_ClearFlag                            0x0800c1e1   Thumb Code    22  stm32f10x_dma.o(.text)
    DMA_GetITStatus                          0x0800c1f7   Thumb Code    40  stm32f10x_dma.o(.text)
    DMA_ClearITPendingBit                    0x0800c21f   Thumb Code    22  stm32f10x_dma.o(.text)
    EXTI_DeInit                              0x0800c23d   Thumb Code    28  stm32f10x_exti.o(.text)
    EXTI_Init                                0x0800c259   Thumb Code   142  stm32f10x_exti.o(.text)
    EXTI_StructInit                          0x0800c2e7   Thumb Code    16  stm32f10x_exti.o(.text)
    EXTI_GenerateSWInterrupt                 0x0800c2f7   Thumb Code    16  stm32f10x_exti.o(.text)
    EXTI_GetFlagStatus                       0x0800c307   Thumb Code    22  stm32f10x_exti.o(.text)
    EXTI_ClearFlag                           0x0800c31d   Thumb Code     8  stm32f10x_exti.o(.text)
    EXTI_GetITStatus                         0x0800c325   Thumb Code    34  stm32f10x_exti.o(.text)
    EXTI_ClearITPendingBit                   0x0800c347   Thumb Code     8  stm32f10x_exti.o(.text)
    ADC_DeInit                               0x0800c359   Thumb Code    78  stm32f10x_adc.o(.text)
    ADC_Init                                 0x0800c3a7   Thumb Code    70  stm32f10x_adc.o(.text)
    ADC_StructInit                           0x0800c3ed   Thumb Code    18  stm32f10x_adc.o(.text)
    ADC_Cmd                                  0x0800c3ff   Thumb Code    22  stm32f10x_adc.o(.text)
    ADC_DMACmd                               0x0800c415   Thumb Code    22  stm32f10x_adc.o(.text)
    ADC_ITConfig                             0x0800c42b   Thumb Code    24  stm32f10x_adc.o(.text)
    ADC_ResetCalibration                     0x0800c443   Thumb Code    10  stm32f10x_adc.o(.text)
    ADC_GetResetCalibrationStatus            0x0800c44d   Thumb Code    20  stm32f10x_adc.o(.text)
    ADC_StartCalibration                     0x0800c461   Thumb Code    10  stm32f10x_adc.o(.text)
    ADC_GetCalibrationStatus                 0x0800c46b   Thumb Code    20  stm32f10x_adc.o(.text)
    ADC_SoftwareStartConvCmd                 0x0800c47f   Thumb Code    22  stm32f10x_adc.o(.text)
    ADC_GetSoftwareStartConvStatus           0x0800c495   Thumb Code    20  stm32f10x_adc.o(.text)
    ADC_DiscModeChannelCountConfig           0x0800c4a9   Thumb Code    24  stm32f10x_adc.o(.text)
    ADC_DiscModeCmd                          0x0800c4c1   Thumb Code    22  stm32f10x_adc.o(.text)
    ADC_RegularChannelConfig                 0x0800c4d7   Thumb Code   184  stm32f10x_adc.o(.text)
    ADC_ExternalTrigConvCmd                  0x0800c58f   Thumb Code    22  stm32f10x_adc.o(.text)
    ADC_GetConversionValue                   0x0800c5a5   Thumb Code     8  stm32f10x_adc.o(.text)
    ADC_GetDualModeConversionValue           0x0800c5ad   Thumb Code     8  stm32f10x_adc.o(.text)
    ADC_AutoInjectedConvCmd                  0x0800c5b5   Thumb Code    22  stm32f10x_adc.o(.text)
    ADC_InjectedDiscModeCmd                  0x0800c5cb   Thumb Code    22  stm32f10x_adc.o(.text)
    ADC_ExternalTrigInjectedConvConfig       0x0800c5e1   Thumb Code    16  stm32f10x_adc.o(.text)
    ADC_ExternalTrigInjectedConvCmd          0x0800c5f1   Thumb Code    22  stm32f10x_adc.o(.text)
    ADC_SoftwareStartInjectedConvCmd         0x0800c607   Thumb Code    22  stm32f10x_adc.o(.text)
    ADC_GetSoftwareStartInjectedConvCmdStatus 0x0800c61d   Thumb Code    20  stm32f10x_adc.o(.text)
    ADC_InjectedChannelConfig                0x0800c631   Thumb Code   130  stm32f10x_adc.o(.text)
    ADC_InjectedSequencerLengthConfig        0x0800c6b3   Thumb Code    24  stm32f10x_adc.o(.text)
    ADC_SetInjectedOffset                    0x0800c6cb   Thumb Code    20  stm32f10x_adc.o(.text)
    ADC_GetInjectedConversionValue           0x0800c6df   Thumb Code    28  stm32f10x_adc.o(.text)
    ADC_AnalogWatchdogCmd                    0x0800c6fb   Thumb Code    16  stm32f10x_adc.o(.text)
    ADC_AnalogWatchdogThresholdsConfig       0x0800c70b   Thumb Code     6  stm32f10x_adc.o(.text)
    ADC_AnalogWatchdogSingleChannelConfig    0x0800c711   Thumb Code    16  stm32f10x_adc.o(.text)
    ADC_TempSensorVrefintCmd                 0x0800c721   Thumb Code    64  stm32f10x_adc.o(.text)
    ADC_GetFlagStatus                        0x0800c761   Thumb Code    18  stm32f10x_adc.o(.text)
    ADC_ClearFlag                            0x0800c773   Thumb Code     6  stm32f10x_adc.o(.text)
    ADC_GetITStatus                          0x0800c779   Thumb Code    36  stm32f10x_adc.o(.text)
    ADC_ClearITPendingBit                    0x0800c79d   Thumb Code    10  stm32f10x_adc.o(.text)
    mymemcpy                                 0x0800c7a9   Thumb Code    26  malloc.o(.text)
    mymemset                                 0x0800c7c3   Thumb Code    20  malloc.o(.text)
    my_mem_init                              0x0800c7d7   Thumb Code    54  malloc.o(.text)
    my_mem_perused                           0x0800c80d   Thumb Code    54  malloc.o(.text)
    my_mem_malloc                            0x0800c843   Thumb Code   154  malloc.o(.text)
    my_mem_free                              0x0800c8dd   Thumb Code    94  malloc.o(.text)
    myfree                                   0x0800c93b   Thumb Code    32  malloc.o(.text)
    mymalloc                                 0x0800c95b   Thumb Code    36  malloc.o(.text)
    myrealloc                                0x0800c97f   Thumb Code    68  malloc.o(.text)
    disk_status                              0x0800c9d5   Thumb Code     6  diskio.o(.text)
    disk_initialize                          0x0800c9db   Thumb Code    52  diskio.o(.text)
    disk_read                                0x0800ca0f   Thumb Code   122  diskio.o(.text)
    disk_write                               0x0800ca89   Thumb Code   122  diskio.o(.text)
    disk_ioctl                               0x0800cb03   Thumb Code   170  diskio.o(.text)
    get_fattime                              0x0800cbad   Thumb Code     4  diskio.o(.text)
    ff_memalloc                              0x0800cbb1   Thumb Code    14  diskio.o(.text)
    ff_memfree                               0x0800cbbf   Thumb Code    14  diskio.o(.text)
    clust2sect                               0x0800cd8b   Thumb Code    26  ff.o(.text)
    get_fat                                  0x0800cda5   Thumb Code   242  ff.o(.text)
    put_fat                                  0x0800ce97   Thumb Code   322  ff.o(.text)
    dir_sdi                                  0x0800d14d   Thumb Code   158  ff.o(.text)
    f_mount                                  0x0800e1d7   Thumb Code    86  ff.o(.text)
    f_open                                   0x0800e22d   Thumb Code   384  ff.o(.text)
    f_read                                   0x0800e3ad   Thumb Code   450  ff.o(.text)
    f_write                                  0x0800e56f   Thumb Code   490  ff.o(.text)
    f_sync                                   0x0800e759   Thumb Code   176  ff.o(.text)
    f_close                                  0x0800e809   Thumb Code    32  ff.o(.text)
    f_lseek                                  0x0800e829   Thumb Code   684  ff.o(.text)
    f_opendir                                0x0800ead5   Thumb Code   136  ff.o(.text)
    f_closedir                               0x0800eb5d   Thumb Code    22  ff.o(.text)
    f_readdir                                0x0800eb73   Thumb Code   114  ff.o(.text)
    f_stat                                   0x0800ebe5   Thumb Code    84  ff.o(.text)
    f_getfree                                0x0800ec39   Thumb Code   258  ff.o(.text)
    f_truncate                               0x0800ed3b   Thumb Code   184  ff.o(.text)
    f_unlink                                 0x0800edf3   Thumb Code   190  ff.o(.text)
    f_mkdir                                  0x0800eeb1   Thumb Code   380  ff.o(.text)
    f_chmod                                  0x0800f02d   Thumb Code   112  ff.o(.text)
    f_rename                                 0x0800f09d   Thumb Code   290  ff.o(.text)
    f_utime                                  0x0800f1bf   Thumb Code   110  ff.o(.text)
    f_getlabel                               0x0800f22d   Thumb Code   190  ff.o(.text)
    f_setlabel                               0x0800f2eb   Thumb Code   482  ff.o(.text)
    f_mkfs                                   0x0800f4cd   Thumb Code  1578  ff.o(.text)
    f_gets                                   0x0800faf7   Thumb Code    82  ff.o(.text)
    f_putc                                   0x0800fb8d   Thumb Code    64  ff.o(.text)
    f_puts                                   0x0800fbcd   Thumb Code    74  ff.o(.text)
    f_printf                                 0x0800fc17   Thumb Code   674  ff.o(.text)
    exfuns_init                              0x0800feb9   Thumb Code   114  exfuns.o(.text)
    char_upper                               0x0800ff2b   Thumb Code    26  exfuns.o(.text)
    f_typetell                               0x0800ff45   Thumb Code   188  exfuns.o(.text)
    exf_getfree                              0x08010001   Thumb Code    74  exfuns.o(.text)
    ff_convert                               0x08010061   Thumb Code   146  mycc936.o(.text)
    ff_wtoupper                              0x080100f3   Thumb Code    46  mycc936.o(.text)
    usmart_sys_cmd_exe                       0x0801012d   Thumb Code  1554  usmart.o(.text)
    usmart_reset_runtime                     0x0801073f   Thumb Code    38  usmart.o(.text)
    usmart_get_runtime                       0x08010765   Thumb Code    60  usmart.o(.text)
    TIM4_IRQHandler                          0x080107a1   Thumb Code    46  usmart.o(.text)
    Timer4_Init                              0x080107cf   Thumb Code    88  usmart.o(.text)
    usmart_init                              0x08010827   Thumb Code    36  usmart.o(.text)
    usmart_cmd_rec                           0x0801084b   Thumb Code   170  usmart.o(.text)
    usmart_exe                               0x080108f5   Thumb Code   870  usmart.o(.text)
    usmart_scan                              0x08010c5b   Thumb Code   120  usmart.o(.text)
    read_addr                                0x08010cd3   Thumb Code     6  usmart.o(.text)
    write_addr                               0x08010cd9   Thumb Code     4  usmart.o(.text)
    usmart_strcmp                            0x08010d65   Thumb Code    34  usmart_str.o(.text)
    usmart_strcopy                           0x08010d87   Thumb Code    22  usmart_str.o(.text)
    usmart_strlen                            0x08010d9d   Thumb Code    24  usmart_str.o(.text)
    usmart_pow                               0x08010db5   Thumb Code    22  usmart_str.o(.text)
    usmart_str2num                           0x08010dcb   Thumb Code   202  usmart_str.o(.text)
    usmart_get_cmdname                       0x08010e95   Thumb Code    54  usmart_str.o(.text)
    usmart_search_nextc                      0x08010ecb   Thumb Code    22  usmart_str.o(.text)
    usmart_get_fname                         0x08010ee1   Thumb Code   440  usmart_str.o(.text)
    usmart_get_aparm                         0x08011099   Thumb Code   200  usmart_str.o(.text)
    usmart_get_parmpos                       0x08011161   Thumb Code    26  usmart_str.o(.text)
    usmart_get_fparam                        0x0801117b   Thumb Code   262  usmart_str.o(.text)
    fupd_prog                                0x0801128d   Thumb Code   134  fontupd.o(.text)
    updata_fontx                             0x08011313   Thumb Code   346  fontupd.o(.text)
    update_font                              0x0801146d   Thumb Code   882  fontupd.o(.text)
    font_init                                0x080117df   Thumb Code    64  fontupd.o(.text)
    Get_HzMat                                0x0801185d   Thumb Code   220  text.o(.text)
    Show_Font                                0x08011939   Thumb Code   190  text.o(.text)
    Show_Str                                 0x080119f7   Thumb Code   192  text.o(.text)
    Show_Str_Mid                             0x08011ab7   Thumb Code   106  text.o(.text)
    lora_at_response                         0x08011b31   Thumb Code    46  lora_ui.o(.text)
    lora_check_cmd                           0x08011b5f   Thumb Code    44  lora_ui.o(.text)
    lora_send_cmd                            0x08011b8b   Thumb Code   110  lora_ui.o(.text)
    chr2hex                                  0x08011bf9   Thumb Code    54  lora_ui.o(.text)
    char2hex_buff                            0x08011c2f   Thumb Code    32  lora_ui.o(.text)
    hexbuff_num                              0x08011c4f   Thumb Code   182  lora_ui.o(.text)
    num_count                                0x08011d05   Thumb Code    26  lora_ui.o(.text)
    lora_load_keyboard                       0x08011d1f   Thumb Code   364  lora_ui.o(.text)
    lora_key_staset                          0x08011e8b   Thumb Code   436  lora_ui.o(.text)
    lora_get_keynum                          0x0801203f   Thumb Code   230  lora_ui.o(.text)
    Menu_ui                                  0x08012125   Thumb Code   518  lora_ui.o(.text)
    Menu_cfg                                 0x0801232b   Thumb Code   876  lora_ui.o(.text)
    Dire_Set                                 0x08012697   Thumb Code  1030  lora_ui.o(.text)
    Process_ui                               0x08012a9d   Thumb Code   852  lora_ui.o(.text)
    Aux_Int                                  0x08012df5   Thumb Code    68  lora_app.o(.text)
    EXTI4_IRQHandler                         0x08012e39   Thumb Code   118  lora_app.o(.text)
    LoRa_Init                                0x08012eaf   Thumb Code   286  lora_app.o(.text)
    LoRa_Set                                 0x08012fcd   Thumb Code   274  lora_app.o(.text)
    LoRa_SendData                            0x080130df   Thumb Code   562  lora_app.o(.text)
    LoRa_ReceData                            0x08013311   Thumb Code   188  lora_app.o(.text)
    LoRa_Process                             0x080133cd   Thumb Code   148  lora_app.o(.text)
    Lora_Test                                0x08013461   Thumb Code   450  lora_app.o(.text)
    __use_no_semihosting                     0x080136b1   Thumb Code     2  use_no_semi_2.o(.text)
    __aeabi_ldivmod                          0x080136b3   Thumb Code     0  llsdiv.o(.text)
    _ll_sdiv                                 0x080136b3   Thumb Code    72  llsdiv.o(.text)
    vsprintf                                 0x080136fd   Thumb Code    32  vsprintf.o(.text)
    __2printf                                0x08013721   Thumb Code    20  __2printf.o(.text)
    __2sprintf                               0x08013739   Thumb Code    38  __2sprintf.o(.text)
    _printf_pre_padding                      0x08013765   Thumb Code    44  _printf_pad.o(.text)
    _printf_post_padding                     0x08013791   Thumb Code    34  _printf_pad.o(.text)
    _printf_str                              0x080137b3   Thumb Code    82  _printf_str.o(.text)
    _printf_int_dec                          0x08013805   Thumb Code   104  _printf_dec.o(.text)
    _printf_longlong_hex                     0x0801387d   Thumb Code    86  _printf_hex_int_ll_ptr.o(.text)
    _printf_int_hex                          0x080138d3   Thumb Code    28  _printf_hex_int_ll_ptr.o(.text)
    _printf_ll_hex                           0x080138ef   Thumb Code    12  _printf_hex_int_ll_ptr.o(.text)
    _printf_hex_ptr                          0x080138fb   Thumb Code    18  _printf_hex_int_ll_ptr.o(.text)
    __printf                                 0x08013911   Thumb Code   388  __printf_flags_ss_wp.o(.text)
    strstr                                   0x08013a99   Thumb Code    36  strstr.o(.text)
    strcpy                                   0x08013abd   Thumb Code    72  strcpy.o(.text)
    strlen                                   0x08013b05   Thumb Code    62  strlen.o(.text)
    strcat                                   0x08013b43   Thumb Code    24  strcat.o(.text)
    __aeabi_memcpy                           0x08013b5b   Thumb Code     0  rt_memcpy_v6.o(.text)
    __rt_memcpy                              0x08013b5b   Thumb Code   138  rt_memcpy_v6.o(.text)
    _memcpy_lastbytes                        0x08013bc1   Thumb Code     0  rt_memcpy_v6.o(.text)
    __aeabi_memclr                           0x08013be5   Thumb Code     0  rt_memclr.o(.text)
    __rt_memclr                              0x08013be5   Thumb Code    68  rt_memclr.o(.text)
    _memset                                  0x08013be9   Thumb Code     0  rt_memclr.o(.text)
    strcmp                                   0x08013c29   Thumb Code   128  strcmpv7m.o(.text)
    __use_two_region_memory                  0x08013ca9   Thumb Code     2  heapauxi.o(.text)
    __rt_heap_escrow$2region                 0x08013cab   Thumb Code     2  heapauxi.o(.text)
    __rt_heap_expand$2region                 0x08013cad   Thumb Code     2  heapauxi.o(.text)
    __I$use$semihosting                      0x08013caf   Thumb Code     0  use_no_semi.o(.text)
    __use_no_semihosting_swi                 0x08013caf   Thumb Code     2  use_no_semi.o(.text)
    __aeabi_uldivmod                         0x08013cb1   Thumb Code     0  lludivv7m.o(.text)
    _ll_udiv                                 0x08013cb1   Thumb Code   238  lludivv7m.o(.text)
    __read_errno                             0x08013d9f   Thumb Code    10  _rserrno.o(.text)
    __set_errno                              0x08013da9   Thumb Code    12  _rserrno.o(.text)
    _printf_truncate_signed                  0x08013db5   Thumb Code    18  _printf_truncate.o(.text)
    _printf_truncate_unsigned                0x08013dc7   Thumb Code    18  _printf_truncate.o(.text)
    _printf_int_common                       0x08013dd9   Thumb Code   178  _printf_intcommon.o(.text)
    _printf_charcount                        0x08013e8b   Thumb Code    40  _printf_charcount.o(.text)
    _printf_char_common                      0x08013ebf   Thumb Code    32  _printf_char_common.o(.text)
    _sputc                                   0x08013ee5   Thumb Code    10  _sputc.o(.text)
    _printf_cs_common                        0x08013eef   Thumb Code    20  _printf_char.o(.text)
    _printf_char                             0x08013f03   Thumb Code    16  _printf_char.o(.text)
    _printf_string                           0x08013f13   Thumb Code     8  _printf_char.o(.text)
    _printf_char_file                        0x08013f1d   Thumb Code    32  _printf_char_file.o(.text)
    _printf_wctomb                           0x08013f41   Thumb Code   182  _printf_wctomb.o(.text)
    _printf_longlong_dec                     0x08013ffd   Thumb Code   108  _printf_longlong_dec.o(.text)
    _printf_longlong_oct                     0x08014079   Thumb Code    68  _printf_oct_int_ll.o(.text)
    _printf_int_oct                          0x080140bd   Thumb Code    24  _printf_oct_int_ll.o(.text)
    _printf_ll_oct                           0x080140d5   Thumb Code    12  _printf_oct_int_ll.o(.text)
    __aeabi_memcpy4                          0x080140e9   Thumb Code     0  rt_memcpy_w.o(.text)
    __aeabi_memcpy8                          0x080140e9   Thumb Code     0  rt_memcpy_w.o(.text)
    __rt_memcpy_w                            0x080140e9   Thumb Code   100  rt_memcpy_w.o(.text)
    _memcpy_lastbytes_aligned                0x08014131   Thumb Code     0  rt_memcpy_w.o(.text)
    __aeabi_memclr4                          0x0801414d   Thumb Code     0  rt_memclr_w.o(.text)
    __aeabi_memclr8                          0x0801414d   Thumb Code     0  rt_memclr_w.o(.text)
    __rt_memclr_w                            0x0801414d   Thumb Code    78  rt_memclr_w.o(.text)
    _memset_w                                0x08014151   Thumb Code     0  rt_memclr_w.o(.text)
    __aeabi_errno_addr                       0x0801419d   Thumb Code     8  rt_errno_addr_intlibspace.o(.text)
    __errno$intlibspace                      0x0801419d   Thumb Code     0  rt_errno_addr_intlibspace.o(.text)
    __rt_errno_addr$intlibspace              0x0801419d   Thumb Code     0  rt_errno_addr_intlibspace.o(.text)
    _ll_udiv10                               0x080141a5   Thumb Code   138  lludiv10.o(.text)
    __lib_sel_fp_printf                      0x0801422f   Thumb Code     2  _printf_fp_dec.o(.text)
    _printf_fp_dec_real                      0x080143dd   Thumb Code   620  _printf_fp_dec.o(.text)
    _printf_fp_hex_real                      0x08014649   Thumb Code   754  _printf_fp_hex.o(.text)
    _printf_lcs_common                       0x08014945   Thumb Code    20  _printf_wchar.o(.text)
    _printf_wchar                            0x08014959   Thumb Code    16  _printf_wchar.o(.text)
    _printf_wstring                          0x08014969   Thumb Code     8  _printf_wchar.o(.text)
    ferror                                   0x08014971   Thumb Code     8  ferror.o(.text)
    _wcrtomb                                 0x08014979   Thumb Code    64  _wcrtomb.o(.text)
    __user_libspace                          0x080149b9   Thumb Code     8  libspace.o(.text)
    __user_perproc_libspace                  0x080149b9   Thumb Code     0  libspace.o(.text)
    __user_perthread_libspace                0x080149b9   Thumb Code     0  libspace.o(.text)
    __user_setup_stackheap                   0x080149c1   Thumb Code    74  sys_stackheap_outer.o(.text)
    __rt_ctype_table                         0x08014a0d   Thumb Code    16  rt_ctype_table.o(.text)
    __rt_locale                              0x08014a1d   Thumb Code     8  rt_locale_intlibspace.o(.text)
    _printf_fp_infnan                        0x08014a25   Thumb Code   112  _printf_fp_infnan.o(.text)
    _btod_etento                             0x08014aa5   Thumb Code   216  bigflt0.o(.text)
    exit                                     0x08014b81   Thumb Code    12  exit.o(.text)
    _btod_d2e                                0x08014b8d   Thumb Code    62  btod.o(CL$$btod_d2e)
    _d2e_denorm_low                          0x08014bcb   Thumb Code    70  btod.o(CL$$btod_d2e_denorm_low)
    _d2e_norm_op1                            0x08014c11   Thumb Code    96  btod.o(CL$$btod_d2e_norm_op1)
    __btod_div_common                        0x08014c71   Thumb Code   696  btod.o(CL$$btod_div_common)
    _e2e                                     0x08014fa9   Thumb Code   198  btod.o(CL$$btod_e2e)
    _btod_ediv                               0x0801506f   Thumb Code    40  btod.o(CL$$btod_ediv)
    _btod_emul                               0x08015097   Thumb Code    40  btod.o(CL$$btod_emul)
    __btod_mult_common                       0x080150bf   Thumb Code   580  btod.o(CL$$btod_mult_common)
    __ARM_fpclassify                         0x08015303   Thumb Code    40  fpclassify.o(i.__ARM_fpclassify)
    _is_digit                                0x0801532b   Thumb Code    14  __printf_wp.o(i._is_digit)
    sqrt                                     0x08015339   Thumb Code    76  sqrt.o(i.sqrt)
    _get_lc_numeric                          0x08015385   Thumb Code    44  lc_numeric_c.o(locale$$code)
    _get_lc_ctype                            0x080153b1   Thumb Code    44  lc_ctype_c.o(locale$$code)
    __aeabi_dadd                             0x080153dd   Thumb Code     0  daddsub_clz.o(x$fpl$dadd)
    _dadd                                    0x080153dd   Thumb Code   332  daddsub_clz.o(x$fpl$dadd)
    __fpl_dcmp_Inf                           0x0801552d   Thumb Code    24  dcmpi.o(x$fpl$dcmpinf)
    __aeabi_d2uiz                            0x08015545   Thumb Code     0  dfixu.o(x$fpl$dfixu)
    _dfixu                                   0x08015545   Thumb Code    90  dfixu.o(x$fpl$dfixu)
    __aeabi_i2d                              0x0801559f   Thumb Code     0  dflt_clz.o(x$fpl$dflt)
    _dflt                                    0x0801559f   Thumb Code    46  dflt_clz.o(x$fpl$dflt)
    __aeabi_ui2d                             0x080155cd   Thumb Code     0  dflt_clz.o(x$fpl$dfltu)
    _dfltu                                   0x080155cd   Thumb Code    38  dflt_clz.o(x$fpl$dfltu)
    __aeabi_cdcmple                          0x080155f5   Thumb Code     0  dleqf.o(x$fpl$dleqf)
    _dcmple                                  0x080155f5   Thumb Code   120  dleqf.o(x$fpl$dleqf)
    __fpl_dcmple_InfNaN                      0x08015657   Thumb Code     0  dleqf.o(x$fpl$dleqf)
    __aeabi_dmul                             0x0801566d   Thumb Code     0  dmul.o(x$fpl$dmul)
    _dmul                                    0x0801566d   Thumb Code   332  dmul.o(x$fpl$dmul)
    __fpl_dnaninf                            0x080157c1   Thumb Code   156  dnaninf.o(x$fpl$dnaninf)
    __fpl_dretinf                            0x0801585d   Thumb Code    12  dretinf.o(x$fpl$dretinf)
    __aeabi_cdrcmple                         0x08015869   Thumb Code     0  drleqf.o(x$fpl$drleqf)
    _drcmple                                 0x08015869   Thumb Code   108  drleqf.o(x$fpl$drleqf)
    __aeabi_drsub                            0x080158d5   Thumb Code     0  daddsub_clz.o(x$fpl$drsb)
    _drsb                                    0x080158d5   Thumb Code    22  daddsub_clz.o(x$fpl$drsb)
    _dsqrt                                   0x080158ed   Thumb Code   456  dsqrt_noumaal.o(x$fpl$dsqrt)
    __aeabi_dsub                             0x08015ab9   Thumb Code     0  daddsub_clz.o(x$fpl$dsub)
    _dsub                                    0x08015ab9   Thumb Code   464  daddsub_clz.o(x$fpl$dsub)
    __aeabi_f2d                              0x08015c8d   Thumb Code     0  f2d.o(x$fpl$f2d)
    _f2d                                     0x08015c8d   Thumb Code    86  f2d.o(x$fpl$f2d)
    __aeabi_fadd                             0x08015ce5   Thumb Code     0  faddsub_clz.o(x$fpl$fadd)
    _fadd                                    0x08015ce5   Thumb Code   196  faddsub_clz.o(x$fpl$fadd)
    __fpl_fcmp_Inf                           0x08015da9   Thumb Code    24  fcmpi.o(x$fpl$fcmpinf)
    __aeabi_fdiv                             0x08015dc1   Thumb Code     0  fdiv.o(x$fpl$fdiv)
    _fdiv                                    0x08015dc1   Thumb Code   384  fdiv.o(x$fpl$fdiv)
    __aeabi_cfcmpeq                          0x08015f45   Thumb Code     0  feqf.o(x$fpl$feqf)
    _fcmpeq                                  0x08015f45   Thumb Code   104  feqf.o(x$fpl$feqf)
    __aeabi_f2iz                             0x08015fad   Thumb Code     0  ffix.o(x$fpl$ffix)
    _ffix                                    0x08015fad   Thumb Code    54  ffix.o(x$fpl$ffix)
    __aeabi_f2uiz                            0x08015fe5   Thumb Code     0  ffixu.o(x$fpl$ffixu)
    _ffixu                                   0x08015fe5   Thumb Code    62  ffixu.o(x$fpl$ffixu)
    __aeabi_i2f                              0x08016025   Thumb Code     0  fflt_clz.o(x$fpl$fflt)
    _fflt                                    0x08016025   Thumb Code    48  fflt_clz.o(x$fpl$fflt)
    __aeabi_ui2f                             0x08016055   Thumb Code     0  fflt_clz.o(x$fpl$ffltu)
    _ffltu                                   0x08016055   Thumb Code    38  fflt_clz.o(x$fpl$ffltu)
    __aeabi_fmul                             0x0801607d   Thumb Code     0  fmul.o(x$fpl$fmul)
    _fmul                                    0x0801607d   Thumb Code   258  fmul.o(x$fpl$fmul)
    __fpl_fnaninf                            0x0801617f   Thumb Code   140  fnaninf.o(x$fpl$fnaninf)
    __fpl_fretinf                            0x0801620b   Thumb Code    10  fretinf.o(x$fpl$fretinf)
    __aeabi_fsub                             0x08016215   Thumb Code     0  faddsub_clz.o(x$fpl$fsub)
    _fsub                                    0x08016215   Thumb Code   234  faddsub_clz.o(x$fpl$fsub)
    _printf_fp_dec                           0x080162ff   Thumb Code     4  printf1.o(x$fpl$printf1)
    _printf_fp_hex                           0x08016303   Thumb Code     4  printf2.o(x$fpl$printf2)
    __I$use$fp                               0x08016306   Number         0  usenofp.o(x$fpl$usenofp)
    asc2_1206                                0x08016306   Data        1140  lcd.o(.constdata)
    asc2_1608                                0x0801677a   Data        1520  lcd.o(.constdata)
    asc2_2412                                0x08016d6a   Data        3420  lcd.o(.constdata)
    FT5206_TPX_TBL                           0x08017ac6   Data          10  ft5206.o(.constdata)
    GT9147_CFG_TBL                           0x08017ad0   Data         184  gt9147.o(.constdata)
    GT9147_TPX_TBL                           0x08017b88   Data          10  gt9147.o(.constdata)
    OTT_TPX_TBL                              0x08017b92   Data          10  ott2001a.o(.constdata)
    TP_REMIND_MSG_TBL                        0x08017b9c   Data           4  touch.o(.constdata)
    memtblsize                               0x08017ba0   Data           8  malloc.o(.constdata)
    memblksize                               0x08017ba8   Data           8  malloc.o(.constdata)
    memsize                                  0x08017bb0   Data           8  malloc.o(.constdata)
    FILE_TYPE_TBL                            0x08017bf4   Data         312  exfuns.o(.constdata)
    GBK24_PATH                               0x080180ec   Data           4  fontupd.o(.constdata)
    GBK16_PATH                               0x080180f0   Data           4  fontupd.o(.constdata)
    GBK12_PATH                               0x080180f4   Data           4  fontupd.o(.constdata)
    UNIGBK_PATH                              0x080180f8   Data           4  fontupd.o(.constdata)
    Region$$Table$$Base                      0x080184d0   Number         0  anon$$obj.o(Region$$Table)
    Region$$Table$$Limit                     0x080184f0   Number         0  anon$$obj.o(Region$$Table)
    __ctype                                  0x08018519   Data           0  lc_ctype_c.o(locale$$data)
    SystemCoreClock                          0x20000000   Data           4  system_stm32f10x.o(.data)
    AHBPrescTable                            0x20000004   Data          16  system_stm32f10x.o(.data)
    POINT_COLOR                              0x20000016   Data           2  lcd.o(.data)
    BACK_COLOR                               0x20000018   Data           2  lcd.o(.data)
    W25QXX_TYPE                              0x2000001a   Data           2  w25qxx.o(.data)
    TransferError                            0x20000026   Data           1  sdio_sdcard.o(.data)
    TransferEnd                              0x20000027   Data           1  sdio_sdcard.o(.data)
    tempbuff                                 0x20000028   Data           4  sdio_sdcard.o(.data)
    tp_dev                                   0x20000030   Data          52  touch.o(.data)
    CMD_RDX                                  0x20000064   Data           1  touch.o(.data)
    CMD_RDY                                  0x20000065   Data           1  touch.o(.data)
    USART3_RX_STA                            0x20000068   Data           2  usart3.o(.data)
    __stdout                                 0x20000074   Data           4  usart.o(.data)
    USART_RX_STA                             0x20000078   Data           2  usart.o(.data)
    mallco_dev                               0x20000090   Data          28  malloc.o(.data)
    FLASH_SECTOR_COUNT                       0x200000ac   Data           2  diskio.o(.data)
    fs                                       0x200000bc   Data           8  exfuns.o(.data)
    file                                     0x200000c4   Data           4  exfuns.o(.data)
    ftemp                                    0x200000c8   Data           4  exfuns.o(.data)
    br                                       0x200000cc   Data           4  exfuns.o(.data)
    bw                                       0x200000d0   Data           4  exfuns.o(.data)
    fatbuf                                   0x200000d4   Data           4  exfuns.o(.data)
    sys_cmd_tab                              0x200000d8   Data          28  usmart.o(.data)
    usmart_nametab                           0x200000f4   Data          24  usmart_config.o(.data)
    usmart_dev                               0x2000010c   Data         244  usmart_config.o(.data)
    kbd_tbl1                                 0x20000200   Data          44  lora_ui.o(.data)
    kbd_tbl                                  0x2000022c   Data           4  lora_ui.o(.data)
    kbd_fn_tbl                               0x20000230   Data           8  lora_ui.o(.data)
    cnttbl_mode                              0x2000023c   Data          12  lora_ui.o(.data)
    cnttbl_sta                               0x20000248   Data           8  lora_ui.o(.data)
    cnttbl_power                             0x20000250   Data          16  lora_ui.o(.data)
    cnttbl_rate                              0x20000260   Data          24  lora_ui.o(.data)
    obj_addr                                 0x20000278   Data           4  lora_ui.o(.data)
    obj_chn                                  0x2000027c   Data           1  lora_ui.o(.data)
    set_mode                                 0x20000280   Data           8  lora_ui.o(.data)
    callbuf                                  0x20000288   Data           5  lora_ui.o(.data)
    LoRa_CFG                                 0x20000290   Data          10  lora_app.o(.data)
    EXTI_InitStructure                       0x2000029c   Data           8  lora_app.o(.data)
    NVIC_InitStructure                       0x200002a4   Data           4  lora_app.o(.data)
    Lora_mode                                0x200002a8   Data           1  lora_app.o(.data)
    Dire_Date                                0x200002aa   Data           5  lora_app.o(.data)
    lcddev                                   0x200002b0   Data          14  lcd.o(.bss)
    W25QXX_BUFFER                            0x200002be   Data        4096  w25qxx.o(.bss)
    SDIO_InitStructure                       0x200012c0   Data          24  sdio_sdcard.o(.bss)
    SDIO_CmdInitStructure                    0x200012d8   Data          20  sdio_sdcard.o(.bss)
    SDIO_DataInitStructure                   0x200012ec   Data          24  sdio_sdcard.o(.bss)
    SDCardInfo                               0x20001328   Data          88  sdio_sdcard.o(.bss)
    SDIO_DATA_BUFFER                         0x20001380   Data         512  sdio_sdcard.o(.bss)
    USART3_RX_BUF                            0x20001580   Data        1024  usart3.o(.bss)
    USART3_TX_BUF                            0x20001980   Data         600  usart3.o(.bss)
    USART_InitStructure                      0x20001bd8   Data          16  usart3.o(.bss)
    USART_RX_BUF                             0x20001be8   Data         200  usart.o(.bss)
    mem1base                                 0x20001cc0   Data       40960  malloc.o(.bss)
    mem1mapbase                              0x2000bcc0   Data        2560  malloc.o(.bss)
    ftinfo                                   0x2000c6c0   Data          33  fontupd.o(.bss)
    date                                     0x2000c6e1   Data          30  lora_app.o(.bss)
    Tran_Data                                0x2000c6ff   Data          30  lora_app.o(.bss)
    wlcd_buff                                0x2000c71d   Data          10  lora_app.o(.bss)
    rlcd_buff                                0x2000c727   Data          10  lora_app.o(.bss)
    __libspace_start                         0x2000c734   Data          96  libspace.o(.bss)
    __temporary_stack_top$libspace           0x2000c794   Data           0  libspace.o(.bss)
    mem2base                                 0x68000000   Data       983040  malloc.o(.ARM.__AT_0x68000000)
    mem2mapbase                              0x680f0000   Data       61440  malloc.o(.ARM.__AT_0x680F0000)



==============================================================================

Memory Map of the image

  Image Entry point : 0x08000131

  Load Region LR_IROM1 (Base: 0x08000000, Size: 0x000188cc, Max: 0x00080000, ABSOLUTE, COMPRESSED[0x00018714])

    Execution Region ER_IROM1 (Base: 0x08000000, Size: 0x0001861c, Max: 0x00080000, ABSOLUTE)

    Base Addr    Size         Type   Attr      Idx    E Section Name        Object

    0x08000000   0x00000130   Data   RO          608    RESET               startup_stm32f10x_hd.o
    0x08000130   0x00000008   Code   RO         1064  * !!!main             c_w.l(__main.o)
    0x08000138   0x00000034   Code   RO         1430    !!!scatter          c_w.l(__scatter.o)
    0x0800016c   0x0000005a   Code   RO         1428    !!dczerorl2         c_w.l(__dczerorl2.o)
    0x080001c6   0x00000002   PAD
    0x080001c8   0x0000001c   Code   RO         1432    !!handler_zi        c_w.l(__scatter_zi.o)
    0x080001e4   0x00000000   Code   RO         1047    .ARM.Collect$$_printf_percent$$00000000  c_w.l(_printf_percent.o)
    0x080001e4   0x00000006   Code   RO         1158    .ARM.Collect$$_printf_percent$$00000001  c_w.l(_printf_n.o)
    0x080001ea   0x00000006   Code   RO         1159    .ARM.Collect$$_printf_percent$$00000002  c_w.l(_printf_p.o)
    0x080001f0   0x00000006   Code   RO         1162    .ARM.Collect$$_printf_percent$$00000003  c_w.l(_printf_f.o)
    0x080001f6   0x00000006   Code   RO         1163    .ARM.Collect$$_printf_percent$$00000004  c_w.l(_printf_e.o)
    0x080001fc   0x00000006   Code   RO         1164    .ARM.Collect$$_printf_percent$$00000005  c_w.l(_printf_g.o)
    0x08000202   0x00000006   Code   RO         1165    .ARM.Collect$$_printf_percent$$00000006  c_w.l(_printf_a.o)
    0x08000208   0x0000000a   Code   RO         1170    .ARM.Collect$$_printf_percent$$00000007  c_w.l(_printf_ll.o)
    0x08000212   0x00000006   Code   RO         1161    .ARM.Collect$$_printf_percent$$00000008  c_w.l(_printf_i.o)
    0x08000218   0x00000006   Code   RO         1045    .ARM.Collect$$_printf_percent$$00000009  c_w.l(_printf_d.o)
    0x0800021e   0x00000006   Code   RO         1046    .ARM.Collect$$_printf_percent$$0000000A  c_w.l(_printf_u.o)
    0x08000224   0x00000006   Code   RO         1160    .ARM.Collect$$_printf_percent$$0000000B  c_w.l(_printf_o.o)
    0x0800022a   0x00000006   Code   RO         1044    .ARM.Collect$$_printf_percent$$0000000C  c_w.l(_printf_x.o)
    0x08000230   0x00000006   Code   RO         1167    .ARM.Collect$$_printf_percent$$0000000D  c_w.l(_printf_lli.o)
    0x08000236   0x00000006   Code   RO         1168    .ARM.Collect$$_printf_percent$$0000000E  c_w.l(_printf_lld.o)
    0x0800023c   0x00000006   Code   RO         1169    .ARM.Collect$$_printf_percent$$0000000F  c_w.l(_printf_llu.o)
    0x08000242   0x00000006   Code   RO         1174    .ARM.Collect$$_printf_percent$$00000010  c_w.l(_printf_llo.o)
    0x08000248   0x00000006   Code   RO         1175    .ARM.Collect$$_printf_percent$$00000011  c_w.l(_printf_llx.o)
    0x0800024e   0x0000000a   Code   RO         1171    .ARM.Collect$$_printf_percent$$00000012  c_w.l(_printf_l.o)
    0x08000258   0x00000006   Code   RO         1042    .ARM.Collect$$_printf_percent$$00000013  c_w.l(_printf_c.o)
    0x0800025e   0x00000006   Code   RO         1043    .ARM.Collect$$_printf_percent$$00000014  c_w.l(_printf_s.o)
    0x08000264   0x00000006   Code   RO         1172    .ARM.Collect$$_printf_percent$$00000015  c_w.l(_printf_lc.o)
    0x0800026a   0x00000006   Code   RO         1173    .ARM.Collect$$_printf_percent$$00000016  c_w.l(_printf_ls.o)
    0x08000270   0x00000004   Code   RO         1166    .ARM.Collect$$_printf_percent$$00000017  c_w.l(_printf_percent_end.o)
    0x08000274   0x00000002   Code   RO         1295    .ARM.Collect$$libinit$$00000000  c_w.l(libinit.o)
    0x08000276   0x00000000   Code   RO         1310    .ARM.Collect$$libinit$$00000002  c_w.l(libinit2.o)
    0x08000276   0x00000000   Code   RO         1312    .ARM.Collect$$libinit$$00000004  c_w.l(libinit2.o)
    0x08000276   0x00000000   Code   RO         1315    .ARM.Collect$$libinit$$0000000A  c_w.l(libinit2.o)
    0x08000276   0x00000000   Code   RO         1317    .ARM.Collect$$libinit$$0000000C  c_w.l(libinit2.o)
    0x08000276   0x00000000   Code   RO         1319    .ARM.Collect$$libinit$$0000000E  c_w.l(libinit2.o)
    0x08000276   0x00000006   Code   RO         1320    .ARM.Collect$$libinit$$0000000F  c_w.l(libinit2.o)
    0x0800027c   0x00000000   Code   RO         1322    .ARM.Collect$$libinit$$00000011  c_w.l(libinit2.o)
    0x0800027c   0x0000000c   Code   RO         1323    .ARM.Collect$$libinit$$00000012  c_w.l(libinit2.o)
    0x08000288   0x00000000   Code   RO         1324    .ARM.Collect$$libinit$$00000013  c_w.l(libinit2.o)
    0x08000288   0x00000000   Code   RO         1326    .ARM.Collect$$libinit$$00000015  c_w.l(libinit2.o)
    0x08000288   0x0000000a   Code   RO         1327    .ARM.Collect$$libinit$$00000016  c_w.l(libinit2.o)
    0x08000292   0x00000000   Code   RO         1328    .ARM.Collect$$libinit$$00000017  c_w.l(libinit2.o)
    0x08000292   0x00000000   Code   RO         1330    .ARM.Collect$$libinit$$00000019  c_w.l(libinit2.o)
    0x08000292   0x00000000   Code   RO         1332    .ARM.Collect$$libinit$$0000001B  c_w.l(libinit2.o)
    0x08000292   0x00000000   Code   RO         1334    .ARM.Collect$$libinit$$0000001D  c_w.l(libinit2.o)
    0x08000292   0x00000000   Code   RO         1336    .ARM.Collect$$libinit$$0000001F  c_w.l(libinit2.o)
    0x08000292   0x00000000   Code   RO         1338    .ARM.Collect$$libinit$$00000021  c_w.l(libinit2.o)
    0x08000292   0x00000000   Code   RO         1340    .ARM.Collect$$libinit$$00000023  c_w.l(libinit2.o)
    0x08000292   0x00000000   Code   RO         1342    .ARM.Collect$$libinit$$00000025  c_w.l(libinit2.o)
    0x08000292   0x00000000   Code   RO         1346    .ARM.Collect$$libinit$$0000002C  c_w.l(libinit2.o)
    0x08000292   0x00000000   Code   RO         1348    .ARM.Collect$$libinit$$0000002E  c_w.l(libinit2.o)
    0x08000292   0x00000000   Code   RO         1350    .ARM.Collect$$libinit$$00000030  c_w.l(libinit2.o)
    0x08000292   0x00000000   Code   RO         1352    .ARM.Collect$$libinit$$00000032  c_w.l(libinit2.o)
    0x08000292   0x00000002   Code   RO         1353    .ARM.Collect$$libinit$$00000033  c_w.l(libinit2.o)
    0x08000294   0x00000002   Code   RO         1381    .ARM.Collect$$libshutdown$$00000000  c_w.l(libshutdown.o)
    0x08000296   0x00000000   Code   RO         1396    .ARM.Collect$$libshutdown$$00000003  c_w.l(libshutdown2.o)
    0x08000296   0x00000000   Code   RO         1399    .ARM.Collect$$libshutdown$$00000006  c_w.l(libshutdown2.o)
    0x08000296   0x00000000   Code   RO         1402    .ARM.Collect$$libshutdown$$00000009  c_w.l(libshutdown2.o)
    0x08000296   0x00000000   Code   RO         1404    .ARM.Collect$$libshutdown$$0000000B  c_w.l(libshutdown2.o)
    0x08000296   0x00000000   Code   RO         1407    .ARM.Collect$$libshutdown$$0000000E  c_w.l(libshutdown2.o)
    0x08000296   0x00000002   Code   RO         1408    .ARM.Collect$$libshutdown$$0000000F  c_w.l(libshutdown2.o)
    0x08000298   0x00000000   Code   RO         1128    .ARM.Collect$$rtentry$$00000000  c_w.l(__rtentry.o)
    0x08000298   0x00000000   Code   RO         1204    .ARM.Collect$$rtentry$$00000002  c_w.l(__rtentry2.o)
    0x08000298   0x00000006   Code   RO         1216    .ARM.Collect$$rtentry$$00000004  c_w.l(__rtentry4.o)
    0x0800029e   0x00000000   Code   RO         1206    .ARM.Collect$$rtentry$$00000009  c_w.l(__rtentry2.o)
    0x0800029e   0x00000004   Code   RO         1207    .ARM.Collect$$rtentry$$0000000A  c_w.l(__rtentry2.o)
    0x080002a2   0x00000000   Code   RO         1209    .ARM.Collect$$rtentry$$0000000C  c_w.l(__rtentry2.o)
    0x080002a2   0x00000008   Code   RO         1210    .ARM.Collect$$rtentry$$0000000D  c_w.l(__rtentry2.o)
    0x080002aa   0x00000002   Code   RO         1300    .ARM.Collect$$rtexit$$00000000  c_w.l(rtexit.o)
    0x080002ac   0x00000000   Code   RO         1355    .ARM.Collect$$rtexit$$00000002  c_w.l(rtexit2.o)
    0x080002ac   0x00000004   Code   RO         1356    .ARM.Collect$$rtexit$$00000003  c_w.l(rtexit2.o)
    0x080002b0   0x00000006   Code   RO         1357    .ARM.Collect$$rtexit$$00000004  c_w.l(rtexit2.o)
    0x080002b6   0x00000002   PAD
    0x080002b8   0x00000234   Code   RO            1    .text               main.o
    0x080004ec   0x0000001a   Code   RO          197    .text               stm32f10x_it.o
    0x08000506   0x00000002   PAD
    0x08000508   0x000001e0   Code   RO          238    .text               system_stm32f10x.o
    0x080006e8   0x00000094   Code   RO          256    .text               led.o
    0x0800077c   0x000000fc   Code   RO          268    .text               key.o
    0x08000878   0x00004a5c   Code   RO          281    .text               lcd.o
    0x080052d4   0x00000108   Code   RO          311    .text               spi.o
    0x080053dc   0x00000368   Code   RO          326    .text               w25qxx.o
    0x08005744   0x00001c3c   Code   RO          345    .text               sdio_sdcard.o
    0x08007380   0x0000017a   Code   RO          371    .text               24cxx.o
    0x080074fa   0x00000002   PAD
    0x080074fc   0x0000026c   Code   RO          389    .text               myiic.o
    0x08007768   0x00000284   Code   RO          401    .text               ctiic.o
    0x080079ec   0x00000338   Code   RO          416    .text               ft5206.o
    0x08007d24   0x00000458   Code   RO          432    .text               gt9147.o
    0x0800817c   0x0000036c   Code   RO          448    .text               ott2001a.o
    0x080084e8   0x00000fb4   Code   RO          464    .text               touch.o
    0x0800949c   0x000000b0   Code   RO          488    .text               timer.o
    0x0800954c   0x00000268   Code   RO          504    .text               usart3.o
    0x080097b4   0x000000e8   Code   RO          530    .text               adc.o
    0x0800989c   0x000000d4   Code   RO          542    .text               delay.o
    0x08009970   0x0000000c   Code   RO          557    .text               sys.o
    0x0800997c   0x00000140   Code   RO          573    .text               usart.o
    0x08009abc   0x00000040   Code   RO          609    .text               startup_stm32f10x_hd.o
    0x08009afc   0x000000dc   Code   RO          613    .text               misc.o
    0x08009bd8   0x0000060c   Code   RO          625    .text               stm32f10x_fsmc.o
    0x0800a1e4   0x0000035c   Code   RO          637    .text               stm32f10x_gpio.o
    0x0800a540   0x000003a4   Code   RO          649    .text               stm32f10x_rcc.o
    0x0800a8e4   0x0000030c   Code   RO          663    .text               stm32f10x_spi.o
    0x0800abf0   0x00000408   Code   RO          675    .text               stm32f10x_usart.o
    0x0800aff8   0x00000e1a   Code   RO          687    .text               stm32f10x_tim.o
    0x0800be12   0x00000002   PAD
    0x0800be14   0x000001d4   Code   RO          699    .text               stm32f10x_sdio.o
    0x0800bfe8   0x00000254   Code   RO          711    .text               stm32f10x_dma.o
    0x0800c23c   0x0000011c   Code   RO          723    .text               stm32f10x_exti.o
    0x0800c358   0x0000044e   Code   RO          735    .text               stm32f10x_adc.o
    0x0800c7a6   0x00000002   PAD
    0x0800c7a8   0x0000022c   Code   RO          747    .text               malloc.o
    0x0800c9d4   0x00000200   Code   RO          769    .text               diskio.o
    0x0800cbd4   0x000032e4   Code   RO          787    .text               ff.o
    0x0800feb8   0x000001a8   Code   RO          805    .text               exfuns.o
    0x08010060   0x000000cc   Code   RO          845    .text               mycc936.o
    0x0801012c   0x00000c38   Code   RO          858    .text               usmart.o
    0x08010d64   0x00000528   Code   RO          887    .text               usmart_str.o
    0x0801128c   0x000005d0   Code   RO          899    .text               fontupd.o
    0x0801185c   0x000002d4   Code   RO          923    .text               text.o
    0x08011b30   0x000012c4   Code   RO          935    .text               lora_ui.o
    0x08012df4   0x000008bc   Code   RO          954    .text               lora_app.o
    0x080136b0   0x00000002   Code   RO          979    .text               c_w.l(use_no_semi_2.o)
    0x080136b2   0x00000048   Code   RO          981    .text               c_w.l(llsdiv.o)
    0x080136fa   0x00000002   PAD
    0x080136fc   0x00000024   Code   RO          983    .text               c_w.l(vsprintf.o)
    0x08013720   0x00000018   Code   RO          985    .text               c_w.l(__2printf.o)
    0x08013738   0x0000002c   Code   RO          987    .text               c_w.l(__2sprintf.o)
    0x08013764   0x0000004e   Code   RO          995    .text               c_w.l(_printf_pad.o)
    0x080137b2   0x00000052   Code   RO          997    .text               c_w.l(_printf_str.o)
    0x08013804   0x00000078   Code   RO          999    .text               c_w.l(_printf_dec.o)
    0x0801387c   0x00000094   Code   RO         1019    .text               c_w.l(_printf_hex_int_ll_ptr.o)
    0x08013910   0x00000188   Code   RO         1039    .text               c_w.l(__printf_flags_ss_wp.o)
    0x08013a98   0x00000024   Code   RO         1048    .text               c_w.l(strstr.o)
    0x08013abc   0x00000048   Code   RO         1050    .text               c_w.l(strcpy.o)
    0x08013b04   0x0000003e   Code   RO         1052    .text               c_w.l(strlen.o)
    0x08013b42   0x00000018   Code   RO         1054    .text               c_w.l(strcat.o)
    0x08013b5a   0x0000008a   Code   RO         1056    .text               c_w.l(rt_memcpy_v6.o)
    0x08013be4   0x00000044   Code   RO         1058    .text               c_w.l(rt_memclr.o)
    0x08013c28   0x00000080   Code   RO         1060    .text               c_w.l(strcmpv7m.o)
    0x08013ca8   0x00000006   Code   RO         1062    .text               c_w.l(heapauxi.o)
    0x08013cae   0x00000002   Code   RO         1126    .text               c_w.l(use_no_semi.o)
    0x08013cb0   0x000000ee   Code   RO         1129    .text               c_w.l(lludivv7m.o)
    0x08013d9e   0x00000016   Code   RO         1131    .text               c_w.l(_rserrno.o)
    0x08013db4   0x00000024   Code   RO         1133    .text               c_w.l(_printf_truncate.o)
    0x08013dd8   0x000000b2   Code   RO         1135    .text               c_w.l(_printf_intcommon.o)
    0x08013e8a   0x00000028   Code   RO         1137    .text               c_w.l(_printf_charcount.o)
    0x08013eb2   0x00000002   PAD
    0x08013eb4   0x00000030   Code   RO         1139    .text               c_w.l(_printf_char_common.o)
    0x08013ee4   0x0000000a   Code   RO         1141    .text               c_w.l(_sputc.o)
    0x08013eee   0x0000002c   Code   RO         1143    .text               c_w.l(_printf_char.o)
    0x08013f1a   0x00000002   PAD
    0x08013f1c   0x00000024   Code   RO         1145    .text               c_w.l(_printf_char_file.o)
    0x08013f40   0x000000bc   Code   RO         1147    .text               c_w.l(_printf_wctomb.o)
    0x08013ffc   0x0000007c   Code   RO         1150    .text               c_w.l(_printf_longlong_dec.o)
    0x08014078   0x00000070   Code   RO         1156    .text               c_w.l(_printf_oct_int_ll.o)
    0x080140e8   0x00000064   Code   RO         1176    .text               c_w.l(rt_memcpy_w.o)
    0x0801414c   0x0000004e   Code   RO         1178    .text               c_w.l(rt_memclr_w.o)
    0x0801419a   0x00000002   PAD
    0x0801419c   0x00000008   Code   RO         1225    .text               c_w.l(rt_errno_addr_intlibspace.o)
    0x080141a4   0x0000008a   Code   RO         1227    .text               c_w.l(lludiv10.o)
    0x0801422e   0x0000041a   Code   RO         1229    .text               c_w.l(_printf_fp_dec.o)
    0x08014648   0x000002fc   Code   RO         1231    .text               c_w.l(_printf_fp_hex.o)
    0x08014944   0x0000002c   Code   RO         1236    .text               c_w.l(_printf_wchar.o)
    0x08014970   0x00000008   Code   RO         1238    .text               c_w.l(ferror.o)
    0x08014978   0x00000040   Code   RO         1242    .text               c_w.l(_wcrtomb.o)
    0x080149b8   0x00000008   Code   RO         1244    .text               c_w.l(libspace.o)
    0x080149c0   0x0000004a   Code   RO         1247    .text               c_w.l(sys_stackheap_outer.o)
    0x08014a0a   0x00000002   PAD
    0x08014a0c   0x00000010   Code   RO         1249    .text               c_w.l(rt_ctype_table.o)
    0x08014a1c   0x00000008   Code   RO         1256    .text               c_w.l(rt_locale_intlibspace.o)
    0x08014a24   0x00000080   Code   RO         1258    .text               c_w.l(_printf_fp_infnan.o)
    0x08014aa4   0x000000dc   Code   RO         1260    .text               c_w.l(bigflt0.o)
    0x08014b80   0x0000000c   Code   RO         1288    .text               c_w.l(exit.o)
    0x08014b8c   0x0000003e   Code   RO         1263    CL$$btod_d2e        c_w.l(btod.o)
    0x08014bca   0x00000046   Code   RO         1265    CL$$btod_d2e_denorm_low  c_w.l(btod.o)
    0x08014c10   0x00000060   Code   RO         1264    CL$$btod_d2e_norm_op1  c_w.l(btod.o)
    0x08014c70   0x00000338   Code   RO         1273    CL$$btod_div_common  c_w.l(btod.o)
    0x08014fa8   0x000000c6   Code   RO         1270    CL$$btod_e2e        c_w.l(btod.o)
    0x0801506e   0x00000028   Code   RO         1267    CL$$btod_ediv       c_w.l(btod.o)
    0x08015096   0x00000028   Code   RO         1266    CL$$btod_emul       c_w.l(btod.o)
    0x080150be   0x00000244   Code   RO         1272    CL$$btod_mult_common  c_w.l(btod.o)
    0x08015302   0x00000028   Code   RO         1298    i.__ARM_fpclassify  m_ws.l(fpclassify.o)
    0x0801532a   0x0000000e   Code   RO         1032    i._is_digit         c_w.l(__printf_wp.o)
    0x08015338   0x0000004c   Code   RO         1119    i.sqrt              m_ws.l(sqrt.o)
    0x08015384   0x0000002c   Code   RO         1286    locale$$code        c_w.l(lc_numeric_c.o)
    0x080153b0   0x0000002c   Code   RO         1303    locale$$code        c_w.l(lc_ctype_c.o)
    0x080153dc   0x00000150   Code   RO         1066    x$fpl$dadd          fz_ws.l(daddsub_clz.o)
    0x0801552c   0x00000018   Code   RO         1180    x$fpl$dcmpinf       fz_ws.l(dcmpi.o)
    0x08015544   0x0000005a   Code   RO         1072    x$fpl$dfixu         fz_ws.l(dfixu.o)
    0x0801559e   0x0000002e   Code   RO         1077    x$fpl$dflt          fz_ws.l(dflt_clz.o)
    0x080155cc   0x00000026   Code   RO         1076    x$fpl$dfltu         fz_ws.l(dflt_clz.o)
    0x080155f2   0x00000002   PAD
    0x080155f4   0x00000078   Code   RO         1082    x$fpl$dleqf         fz_ws.l(dleqf.o)
    0x0801566c   0x00000154   Code   RO         1084    x$fpl$dmul          fz_ws.l(dmul.o)
    0x080157c0   0x0000009c   Code   RO         1182    x$fpl$dnaninf       fz_ws.l(dnaninf.o)
    0x0801585c   0x0000000c   Code   RO         1184    x$fpl$dretinf       fz_ws.l(dretinf.o)
    0x08015868   0x0000006c   Code   RO         1086    x$fpl$drleqf        fz_ws.l(drleqf.o)
    0x080158d4   0x00000016   Code   RO         1067    x$fpl$drsb          fz_ws.l(daddsub_clz.o)
    0x080158ea   0x00000002   PAD
    0x080158ec   0x000001cc   Code   RO         1186    x$fpl$dsqrt         fz_ws.l(dsqrt_noumaal.o)
    0x08015ab8   0x000001d4   Code   RO         1068    x$fpl$dsub          fz_ws.l(daddsub_clz.o)
    0x08015c8c   0x00000056   Code   RO         1088    x$fpl$f2d           fz_ws.l(f2d.o)
    0x08015ce2   0x00000002   PAD
    0x08015ce4   0x000000c4   Code   RO         1090    x$fpl$fadd          fz_ws.l(faddsub_clz.o)
    0x08015da8   0x00000018   Code   RO         1188    x$fpl$fcmpinf       fz_ws.l(fcmpi.o)
    0x08015dc0   0x00000184   Code   RO         1097    x$fpl$fdiv          fz_ws.l(fdiv.o)
    0x08015f44   0x00000068   Code   RO         1100    x$fpl$feqf          fz_ws.l(feqf.o)
    0x08015fac   0x00000036   Code   RO         1102    x$fpl$ffix          fz_ws.l(ffix.o)
    0x08015fe2   0x00000002   PAD
    0x08015fe4   0x0000003e   Code   RO         1106    x$fpl$ffixu         fz_ws.l(ffixu.o)
    0x08016022   0x00000002   PAD
    0x08016024   0x00000030   Code   RO         1111    x$fpl$fflt          fz_ws.l(fflt_clz.o)
    0x08016054   0x00000026   Code   RO         1110    x$fpl$ffltu         fz_ws.l(fflt_clz.o)
    0x0801607a   0x00000002   PAD
    0x0801607c   0x00000102   Code   RO         1116    x$fpl$fmul          fz_ws.l(fmul.o)
    0x0801617e   0x0000008c   Code   RO         1190    x$fpl$fnaninf       fz_ws.l(fnaninf.o)
    0x0801620a   0x0000000a   Code   RO         1192    x$fpl$fretinf       fz_ws.l(fretinf.o)
    0x08016214   0x000000ea   Code   RO         1092    x$fpl$fsub          fz_ws.l(faddsub_clz.o)
    0x080162fe   0x00000004   Code   RO         1194    x$fpl$printf1       fz_ws.l(printf1.o)
    0x08016302   0x00000004   Code   RO         1196    x$fpl$printf2       fz_ws.l(printf2.o)
    0x08016306   0x00000000   Code   RO         1202    x$fpl$usenofp       fz_ws.l(usenofp.o)
    0x08016306   0x000017c0   Data   RO          283    .constdata          lcd.o
    0x08017ac6   0x0000000a   Data   RO          417    .constdata          ft5206.o
    0x08017ad0   0x000000c2   Data   RO          433    .constdata          gt9147.o
    0x08017b92   0x0000000a   Data   RO          449    .constdata          ott2001a.o
    0x08017b9c   0x00000004   Data   RO          465    .constdata          touch.o
    0x08017ba0   0x00000018   Data   RO          751    .constdata          malloc.o
    0x08017bb8   0x0000003a   Data   RO          788    .constdata          ff.o
    0x08017bf2   0x00000002   PAD
    0x08017bf4   0x00000138   Data   RO          807    .constdata          exfuns.o
    0x08017d2c   0x000003c0   Data   RO          846    .constdata          mycc936.o
    0x080180ec   0x00000010   Data   RO          901    .constdata          fontupd.o
    0x080180fc   0x00000028   Data   RO         1020    .constdata          c_w.l(_printf_hex_int_ll_ptr.o)
    0x08018124   0x00000011   Data   RO         1040    .constdata          c_w.l(__printf_flags_ss_wp.o)
    0x08018135   0x00000003   PAD
    0x08018138   0x00000008   Data   RO         1148    .constdata          c_w.l(_printf_wctomb.o)
    0x08018140   0x00000026   Data   RO         1232    .constdata          c_w.l(_printf_fp_hex.o)
    0x08018166   0x00000002   PAD
    0x08018168   0x00000094   Data   RO         1261    .constdata          c_w.l(bigflt0.o)
    0x080181fc   0x00000079   Data   RO          466    .conststring        touch.o
    0x08018275   0x00000003   PAD
    0x08018278   0x00000060   Data   RO          808    .conststring        exfuns.o
    0x080182d8   0x00000028   Data   RO          859    .conststring        usmart.o
    0x08018300   0x00000084   Data   RO          874    .conststring        usmart_config.o
    0x08018384   0x0000005f   Data   RO          902    .conststring        fontupd.o
    0x080183e3   0x00000001   PAD
    0x080183e4   0x000000e9   Data   RO          936    .conststring        lora_ui.o
    0x080184cd   0x00000003   PAD
    0x080184d0   0x00000020   Data   RO         1426    Region$$Table       anon$$obj.o
    0x080184f0   0x0000001c   Data   RO         1285    locale$$data        c_w.l(lc_numeric_c.o)
    0x0801850c   0x00000110   Data   RO         1302    locale$$data        c_w.l(lc_ctype_c.o)


    Execution Region RW_IRAM1 (Base: 0x20000000, Size: 0x0000cd98, Max: 0x00010000, ABSOLUTE, COMPRESSED[0x000000f8])

    Base Addr    Size         Type   Attr      Idx    E Section Name        Object

    0x20000000   0x00000014   Data   RW          239    .data               system_stm32f10x.o
    0x20000014   0x00000001   Data   RW          269    .data               key.o
    0x20000015   0x00000001   PAD
    0x20000016   0x00000004   Data   RW          284    .data               lcd.o
    0x2000001a   0x00000002   Data   RW          328    .data               w25qxx.o
    0x2000001c   0x00000010   Data   RW          347    .data               sdio_sdcard.o
    0x2000002c   0x00000001   Data   RW          418    .data               ft5206.o
    0x2000002d   0x00000001   Data   RW          434    .data               gt9147.o
    0x2000002e   0x00000001   Data   RW          450    .data               ott2001a.o
    0x2000002f   0x00000001   PAD
    0x20000030   0x00000036   Data   RW          467    .data               touch.o
    0x20000066   0x00000002   PAD
    0x20000068   0x00000008   Data   RW          506    .data               usart3.o
    0x20000070   0x00000004   Data   RW          543    .data               delay.o
    0x20000074   0x00000006   Data   RW          575    .data               usart.o
    0x2000007a   0x00000014   Data   RW          650    .data               stm32f10x_rcc.o
    0x2000008e   0x00000002   PAD
    0x20000090   0x0000001c   Data   RW          752    .data               malloc.o
    0x200000ac   0x00000002   Data   RW          770    .data               diskio.o
    0x200000ae   0x00000002   PAD
    0x200000b0   0x0000000a   Data   RW          789    .data               ff.o
    0x200000ba   0x00000002   PAD
    0x200000bc   0x0000001c   Data   RW          809    .data               exfuns.o
    0x200000d8   0x0000001c   Data   RW          860    .data               usmart.o
    0x200000f4   0x0000010c   Data   RW          875    .data               usmart_config.o
    0x20000200   0x0000008d   Data   RW          937    .data               lora_ui.o
    0x2000028d   0x00000003   PAD
    0x20000290   0x0000001f   Data   RW          956    .data               lora_app.o
    0x200002af   0x00000001   PAD
    0x200002b0   0x0000000e   Zero   RW          282    .bss                lcd.o
    0x200002be   0x00001000   Zero   RW          327    .bss                w25qxx.o
    0x200012be   0x00000002   PAD
    0x200012c0   0x000002c0   Zero   RW          346    .bss                sdio_sdcard.o
    0x20001580   0x00000668   Zero   RW          505    .bss                usart3.o
    0x20001be8   0x000000c8   Zero   RW          574    .bss                usart.o
    0x20001cb0   0x00000010   PAD
    0x20001cc0   0x0000aa00   Zero   RW          750    .bss                malloc.o
    0x2000c6c0   0x00000021   Zero   RW          900    .bss                fontupd.o
    0x2000c6e1   0x00000050   Zero   RW          955    .bss                lora_app.o
    0x2000c731   0x00000003   PAD
    0x2000c734   0x00000060   Zero   RW         1245    .bss                c_w.l(libspace.o)
    0x2000c794   0x00000004   PAD
    0x2000c798   0x00000200   Zero   RW          607    HEAP                startup_stm32f10x_hd.o
    0x2000c998   0x00000400   Zero   RW          606    STACK               startup_stm32f10x_hd.o



  Load Region LR$$.ARM.__AT_0x68000000 (Base: 0x68000000, Size: 0x00000000, Max: 0x000f0000, ABSOLUTE)

    Execution Region ER$$.ARM.__AT_0x68000000 (Base: 0x68000000, Size: 0x000f0000, Max: 0x000f0000, ABSOLUTE, UNINIT)

    Base Addr    Size         Type   Attr      Idx    E Section Name        Object

    0x68000000   0x000f0000   Zero   RW          748    .ARM.__AT_0x68000000  malloc.o



  Load Region LR$$.ARM.__AT_0x680F0000 (Base: 0x680f0000, Size: 0x00000000, Max: 0x0000f000, ABSOLUTE)

    Execution Region ER$$.ARM.__AT_0x680F0000 (Base: 0x680f0000, Size: 0x0000f000, Max: 0x0000f000, ABSOLUTE, UNINIT)

    Base Addr    Size         Type   Attr      Idx    E Section Name        Object

    0x680f0000   0x0000f000   Zero   RW          749    .ARM.__AT_0x680F0000  malloc.o


==============================================================================

Image component sizes


      Code (inc. data)   RO Data    RW Data    ZI Data      Debug   Object Name

       378          0          0          0          0       2590   24cxx.o
       232          8          0          0          0       1043   adc.o
       644         24          0          0          0       2001   ctiic.o
       212         18          0          4          0        967   delay.o
       512          8          0          2          0       4042   diskio.o
       424         22        408         28          0       2608   exfuns.o
     13028        144         58         10          0      36478   ff.o
      1488        158        111          0         33       3976   fontupd.o
       824         38         10          1          0       2391   ft5206.o
      1112         74        194          1          0       2906   gt9147.o
       252         12          0          1          0        800   key.o
     19036        162       6080          4         14      21510   lcd.o
       148         12          0          0          0        507   led.o
      2236        418          0         31         80       4048   lora_app.o
      4804        618        233        141          0       6616   lora_ui.o
       564        138          0          0          0     299831   main.o
       556         18         24         28    1088000       4432   malloc.o
       220         22          0          0          0       1745   misc.o
       204         12        960          0          0       1521   mycc936.o
       620         14          0          0          0       1832   myiic.o
       876         56         10          1          0       2543   ott2001a.o
      7228        260          0         16        704      24348   sdio_sdcard.o
       264         10          0          0          0       1069   spi.o
        64         26        304          0       1536        772   startup_stm32f10x_hd.o
      1102         26          0          0          0      10777   stm32f10x_adc.o
       596          8          0          0          0       4270   stm32f10x_dma.o
       284         10          0          0          0       2175   stm32f10x_exti.o
      1548         18          0          0          0       5287   stm32f10x_fsmc.o
       860         38          0          0          0       5589   stm32f10x_gpio.o
        26          0          0          0          0       1150   stm32f10x_it.o
       932         36          0         20          0       8728   stm32f10x_rcc.o
       468         22          0          0          0       7032   stm32f10x_sdio.o
       780         14          0          0          0       6470   stm32f10x_spi.o
      3610         88          0          0          0      22072   stm32f10x_tim.o
      1032         22          0          0          0       8312   stm32f10x_usart.o
        12          0          0          0          0        591   sys.o
       480         38          0         20          0       1655   system_stm32f10x.o
       724         16          0          0          0       2896   text.o
       176          8          0          0          0        912   timer.o
      4020        222        125         54          0       6541   touch.o
       320         18          0          6        200       3042   usart.o
       616         46          0          8       1640       3039   usart3.o
      3128       1288         40         28          0       4234   usmart.o
         0          0        132        268          0       1448   usmart_config.o
      1320         12          0          0          0       4993   usmart_str.o
       872         30          0          2       4096       4241   w25qxx.o

    ----------------------------------------------------------------------
     78840       4232       8730        688    1096324     546030   Object Totals
         0          0         32          0          0          0   (incl. Generated)
         8          0          9         14         21          0   (incl. Padding)

    ----------------------------------------------------------------------

      Code (inc. data)   RO Data    RW Data    ZI Data      Debug   Library Member Name

        24          4          0          0          0         84   __2printf.o
        44          6          0          0          0         84   __2sprintf.o
        90          0          0          0          0          0   __dczerorl2.o
         8          0          0          0          0         68   __main.o
       392          4         17          0          0         92   __printf_flags_ss_wp.o
        14          0          0          0          0         68   __printf_wp.o
         0          0          0          0          0          0   __rtentry.o
        12          0          0          0          0          0   __rtentry2.o
         6          0          0          0          0          0   __rtentry4.o
        52          8          0          0          0          0   __scatter.o
        28          0          0          0          0          0   __scatter_zi.o
         6          0          0          0          0          0   _printf_a.o
         6          0          0          0          0          0   _printf_c.o
        44          0          0          0          0        108   _printf_char.o
        48          6          0          0          0         96   _printf_char_common.o
        36          4          0          0          0         80   _printf_char_file.o
        40          0          0          0          0         68   _printf_charcount.o
         6          0          0          0          0          0   _printf_d.o
       120         16          0          0          0         92   _printf_dec.o
         6          0          0          0          0          0   _printf_e.o
         6          0          0          0          0          0   _printf_f.o
      1050          0          0          0          0        216   _printf_fp_dec.o
       764         10         38          0          0        100   _printf_fp_hex.o
       128         16          0          0          0         84   _printf_fp_infnan.o
         6          0          0          0          0          0   _printf_g.o
       148          4         40          0          0        160   _printf_hex_int_ll_ptr.o
         6          0          0          0          0          0   _printf_i.o
       178          0          0          0          0         88   _printf_intcommon.o
        10          0          0          0          0          0   _printf_l.o
         6          0          0          0          0          0   _printf_lc.o
        10          0          0          0          0          0   _printf_ll.o
         6          0          0          0          0          0   _printf_lld.o
         6          0          0          0          0          0   _printf_lli.o
         6          0          0          0          0          0   _printf_llo.o
         6          0          0          0          0          0   _printf_llu.o
         6          0          0          0          0          0   _printf_llx.o
       124         16          0          0          0         92   _printf_longlong_dec.o
         6          0          0          0          0          0   _printf_ls.o
         6          0          0          0          0          0   _printf_n.o
         6          0          0          0          0          0   _printf_o.o
       112          8          0          0          0        124   _printf_oct_int_ll.o
         6          0          0          0          0          0   _printf_p.o
        78          0          0          0          0        108   _printf_pad.o
         0          0          0          0          0          0   _printf_percent.o
         4          0          0          0          0          0   _printf_percent_end.o
         6          0          0          0          0          0   _printf_s.o
        82          0          0          0          0         80   _printf_str.o
        36          0          0          0          0         84   _printf_truncate.o
         6          0          0          0          0          0   _printf_u.o
        44          0          0          0          0        108   _printf_wchar.o
       188          6          8          0          0         92   _printf_wctomb.o
         6          0          0          0          0          0   _printf_x.o
        22          0          0          0          0        100   _rserrno.o
        10          0          0          0          0         68   _sputc.o
        64          0          0          0          0         92   _wcrtomb.o
       220          4        148          0          0         96   bigflt0.o
      1910        128          0          0          0        672   btod.o
        12          0          0          0          0         72   exit.o
         8          0          0          0          0         68   ferror.o
         6          0          0          0          0        152   heapauxi.o
        44         10        272          0          0         76   lc_ctype_c.o
        44         10         28          0          0         76   lc_numeric_c.o
         2          0          0          0          0          0   libinit.o
        30          0          0          0          0          0   libinit2.o
         2          0          0          0          0          0   libshutdown.o
         2          0          0          0          0          0   libshutdown2.o
         8          4          0          0         96         68   libspace.o
        72          0          0          0          0         76   llsdiv.o
       138          0          0          0          0         80   lludiv10.o
       238          0          0          0          0        100   lludivv7m.o
        16          4          0          0          0         76   rt_ctype_table.o
         8          4          0          0          0         68   rt_errno_addr_intlibspace.o
         8          4          0          0          0         68   rt_locale_intlibspace.o
        68          0          0          0          0         68   rt_memclr.o
        78          0          0          0          0         80   rt_memclr_w.o
       138          0          0          0          0         68   rt_memcpy_v6.o
       100          0          0          0          0         80   rt_memcpy_w.o
         2          0          0          0          0          0   rtexit.o
        10          0          0          0          0          0   rtexit2.o
        24          0          0          0          0         68   strcat.o
       128          0          0          0          0         68   strcmpv7m.o
        72          0          0          0          0         80   strcpy.o
        62          0          0          0          0         76   strlen.o
        36          0          0          0          0         80   strstr.o
        74          0          0          0          0         80   sys_stackheap_outer.o
         2          0          0          0          0         68   use_no_semi.o
         2          0          0          0          0         68   use_no_semi_2.o
        36          4          0          0          0         76   vsprintf.o
       826         16          0          0          0        348   daddsub_clz.o
        24          0          0          0          0         68   dcmpi.o
        90          4          0          0          0         92   dfixu.o
        84          0          0          0          0        136   dflt_clz.o
       120          4          0          0          0         92   dleqf.o
       340         12          0          0          0        104   dmul.o
       156          4          0          0          0         92   dnaninf.o
        12          0          0          0          0         68   dretinf.o
       108          0          0          0          0         80   drleqf.o
       460         56          0          0          0        120   dsqrt_noumaal.o
        86          4          0          0          0         84   f2d.o
       430          8          0          0          0        168   faddsub_clz.o
        24          0          0          0          0         68   fcmpi.o
       388         76          0          0          0         96   fdiv.o
       104          4          0          0          0         84   feqf.o
        54          4          0          0          0         84   ffix.o
        62          4          0          0          0         84   ffixu.o
        86          0          0          0          0        136   fflt_clz.o
       258          4          0          0          0         84   fmul.o
       140          4          0          0          0         84   fnaninf.o
        10          0          0          0          0         68   fretinf.o
         4          0          0          0          0         68   printf1.o
         4          0          0          0          0         68   printf2.o
         0          0          0          0          0          0   usenofp.o
        40          0          0          0          0         68   fpclassify.o
        76          0          0          0          0         84   sqrt.o

    ----------------------------------------------------------------------
     11742        484        556          0        100       7672   Library Totals
        26          0          5          0          4          0   (incl. Padding)

    ----------------------------------------------------------------------

      Code (inc. data)   RO Data    RW Data    ZI Data      Debug   Library Name

      7730        280        551          0         96       5144   c_w.l
      3870        204          0          0          0       2376   fz_ws.l
       116          0          0          0          0        152   m_ws.l

    ----------------------------------------------------------------------
     11742        484        556          0        100       7672   Library Totals

    ----------------------------------------------------------------------

==============================================================================


      Code (inc. data)   RO Data    RW Data    ZI Data      Debug   

     90582       4716       9286        688    1096424     545326   Grand Totals
     90582       4716       9286        248    1096424     545326   ELF Image Totals (compressed)
     90582       4716       9286        248          0          0   ROM Totals

==============================================================================

    Total RO  Size (Code + RO Data)                99868 (  97.53kB)
    Total RW  Size (RW Data + ZI Data)           1097112 (1071.40kB)
    Total ROM Size (Code + RO Data + RW Data)     100116 (  97.77kB)

==============================================================================

